Microchip MPLAB XC8 Compiler V1.41 ()

Linker command line:

-W-3 --edf=C:\Program Files (x86)\Microchip\xc8\v1.41\dat\en_msgs.txt -cs \
  -h+dist/default/production\hoangnl2.X.production.sym \
  --cmf=dist/default/production\hoangnl2.X.production.cmf -z -Q16F887 \
  -oC:\Users\hoang\AppData\Local\Temp\sg0.2 \
  -Mdist/default/production/hoangnl2.X.production.map -E1 -ver=XC8 \
  -ASTACK=0110h-016fh -pstack=STACK -ACODE=00h-07FFhx4 -ASTRCODE=00h-01FFFh \
  -ASTRING=00h-0FFhx32 -ACONST=00h-0FFhx32 -AENTRY=00h-0FFhx32 \
  -ACOMMON=070h-07Fh -ABANK0=020h-06Fh -ABANK1=0A0h-0EFh \
  -ABANK2=0110h-016Fh -ABANK3=0190h-01EFh \
  -ARAM=020h-06Fh,0A0h-0EFh,0110h-016Fh,0190h-01EFh \
  -AABS1=020h-07Fh,0A0h-0EFh,0110h-016Fh,0190h-01EFh -ASFR0=00h-01Fh \
  -ASFR1=080h-09Fh -ASFR2=0100h-010Fh -ASFR3=0180h-018Fh \
  -preset_vec=00h,intentry,init,end_init -ppowerup=CODE -pcinit=CODE \
  -pfunctab=CODE -ACONFIG=02007h-02008h -pconfig=CONFIG -DCONFIG=2 \
  -AIDLOC=02000h-02003h -pidloc=IDLOC -DIDLOC=2 -AEEDATA=00h-0FFh/02100h \
  -peeprom_data=EEDATA -DEEDATA=2 -DCODE=2 -DSTRCODE=2 -DSTRING=2 -DCONST=2 \
  -DENTRY=2 -k C:\Users\hoang\AppData\Local\Temp\sg0.obj \
  dist/default/production\hoangnl2.X.production.obj 

Object code version is 3.11

Machine type is 16F887



                Name                               Link     Load   Length Selector   Space Scale
C:\Users\hoang\AppData\Local\Temp\sg0.obj
                end_init                              0        0        3        0       0
                config                             2007     2007        2     400E       0
dist/default/production\hoangnl2.X.production.obj
                cinit                               7E8      7E8       18      FD0       0
                text29                              EAB      EAB       1A     1D56       0
                text28                              EC5      EC5       1A     1D8A       0
                text27                              E42      E42        B     1C84       0
                text26                              131      131       5A      262       0
                text25                              FC7      FC7       39     1F8E       0
                text24                               AA       AA       3D      154       0
                text23                               E7       E7       4A      1CE       0
                text22                              25F      25F       8F      4BE       0
                text21                              4E6      4E6       E8      9CC       0
                text20                              E30      E30        8     1C60       0
                text19                              F1E      F1E       23     1E3C       0
                text18                              E38      E38        A     1C70       0
                text17                              37E      37E       97      6FC       0
                text16                              E4D      E4D        D     1C9A       0
                text15                              F41      F41       23     1E82       0
                text14                              F64      F64       31     1EC8       0
                text13                              E96      E96       15     1D2C       0
                text12                              EDF      EDF       1E     1DBE       0
                text11                              E5A      E5A        D     1CB4       0
                text10                               32       32       3C       64       0
                text9                               F95      F95       32     1F2A       0
                text8                               415      415       D1      82A       0
                text7                                 B        B       27       16       0
                text6                               1F4      1F4       6B      3E8       0
                text5                                6E       6E       3C       DC       0
                text4                               EFD      EFD       21     1DFA       0
                text3                               E67      E67        E     1CCE       0
                text2                               18B      18B       69      316       0
                text1                               2EE      2EE       90      5DC       0
                maintext                            5CE      5CE      21A      B9C       0
                cstackBANK0                          20       20       4D       20       1
                cstackCOMMON                         70       70        E       70       1
                clrtext                               3        3        8        0       0
                inittext                            E85      E85       11     1D0A       0
                dataBANK1                            B7       B7       10       A0       1
                bssBANK1                             A0       A0       17       A0       1
                stringtext                          800      800      20F       10       0
                idataBANK1                          E75      E75       10     1CEA       0

TOTAL           Name                               Link     Load   Length     Space
        CLASS   STACK          

        CLASS   CODE           
                end_init                              0        0        3         0
                cinit                               7E8      7E8       18         0
                text29                              EAB      EAB       1A         0
                text28                              EC5      EC5       1A         0
                text27                              E42      E42        B         0
                text26                              131      131       5A         0
                text25                              FC7      FC7       39         0
                text24                               AA       AA       3D         0
                text23                               E7       E7       4A         0
                text22                              25F      25F       8F         0
                text21                              4E6      4E6       E8         0
                text20                              E30      E30        8         0
                text19                              F1E      F1E       23         0
                text18                              E38      E38        A         0
                text17                              37E      37E       97         0
                text16                              E4D      E4D        D         0
                text15                              F41      F41       23         0
                text14                              F64      F64       31         0
                text13                              E96      E96       15         0
                text12                              EDF      EDF       1E         0
                text11                              E5A      E5A        D         0
                text10                               32       32       3C         0
                text9                               F95      F95       32         0
                text8                               415      415       D1         0
                text7                                 B        B       27         0
                text6                               1F4      1F4       6B         0
                text5                                6E       6E       3C         0
                text4                               EFD      EFD       21         0
                text3                               E67      E67        E         0
                text2                               18B      18B       69         0
                text1                               2EE      2EE       90         0
                maintext                            5CE      5CE      21A         0
                clrtext                               3        3        8         0
                inittext                            E85      E85       11         0
                idataBANK1                          E75      E75       10         0

        CLASS   STRCODE        
                stringtext                          800      800      20F         0

        CLASS   STRING         

        CLASS   CONST          

        CLASS   ENTRY          

        CLASS   COMMON         
                cstackCOMMON                         70       70        E         1

        CLASS   BANK0          
                cstackBANK0                          20       20       4D         1

        CLASS   BANK1          
                dataBANK1                            B7       B7       10         1
                bssBANK1                             A0       A0       17         1

        CLASS   BANK2          

        CLASS   BANK3          

        CLASS   RAM            

        CLASS   ABS1           
                abs_s1                               7E       7E        2         1

        CLASS   SFR0           

        CLASS   SFR1           

        CLASS   SFR2           

        CLASS   SFR3           

        CLASS   CONFIG         
                config                             2007     2007        2         0

        CLASS   IDLOC          

        CLASS   EEDATA         



SEGMENTS        Name                           Load    Length   Top    Selector   Space  Class     Delta

                reset_vec                      000000  00000B  00000B         0       0  CODE        2
                text7                          00000B  000027  000032        16       0  CODE        2
                cstackBANK0                    000020  00004D  00006D        20       1  BANK0       1
                text10                         000032  00003C  00006E        64       0  CODE        2
                cstackCOMMON                   000070  00000E  00007E        70       1  COMMON      1
                bssBANK1                       0000A0  000027  0000C7        A0       1  BANK1       1
                text5                          00006E  00003C  0000AA        DC       0  CODE        2
                text24                         0000AA  00003D  0000E7       154       0  CODE        2
                text23                         0000E7  00004A  000131       1CE       0  CODE        2
                text26                         000131  00005A  00018B       262       0  CODE        2
                text2                          00018B  000069  0001F4       316       0  CODE        2
                text6                          0001F4  00006B  00025F       3E8       0  CODE        2
                text22                         00025F  00008F  0002EE       4BE       0  CODE        2
                text1                          0002EE  000090  00037E       5DC       0  CODE        2
                text17                         00037E  000097  000415       6FC       0  CODE        2
                text8                          000415  0000D1  0004E6       82A       0  CODE        2
                text21                         0004E6  0000E8  0005CE       9CC       0  CODE        2
                maintext                       0005CE  00021A  0007E8       B9C       0  CODE        2
                cinit                          0007E8  000018  000800       FD0       0  CODE        2
                stringtext                     000800  00020F  000A0F        10       0  STRCODE     2
                text20                         000E30  000008  000E38      1C60       0  CODE        2
                text18                         000E38  00000A  000E42      1C70       0  CODE        2
                text27                         000E42  00000B  000E4D      1C84       0  CODE        2
                text16                         000E4D  00000D  000E5A      1C9A       0  CODE        2
                text11                         000E5A  00000D  000E67      1CB4       0  CODE        2
                text3                          000E67  00000E  000E75      1CCE       0  CODE        2
                idataBANK1                     000E75  000010  000E85      1CEA       0  CODE        2
                inittext                       000E85  000011  000E96      1D0A       0  CODE        2
                text13                         000E96  000015  000EAB      1D2C       0  CODE        2
                text29                         000EAB  00001A  000EC5      1D56       0  CODE        2
                text28                         000EC5  00001A  000EDF      1D8A       0  CODE        2
                text12                         000EDF  00001E  000EFD      1DBE       0  CODE        2
                text4                          000EFD  000021  000F1E      1DFA       0  CODE        2
                text19                         000F1E  000023  000F41      1E3C       0  CODE        2
                text15                         000F41  000023  000F64      1E82       0  CODE        2
                text14                         000F64  000031  000F95      1EC8       0  CODE        2
                text9                          000F95  000032  000FC7      1F2A       0  CODE        2
                text25                         000FC7  000039  001000      1F8E       0  CODE        2
                config                         002007  000002  002009      400E       0  CONFIG      2


UNUSED ADDRESS RANGES

        Name                Unused          Largest block    Delta
        BANK0            006D-006F              3           1
        BANK1            00C7-00EF             29           1
        BANK2            0110-016F             60           1
        BANK3            0190-01EF             60           1
        CODE             0A0F-0E2F            421           2
                         1000-1FFF            800
        CONST            0A0F-0E2F            100           2
                         1000-1FFF            100
        EEDATA           2100-21FF            100           2
        ENTRY            0A0F-0E2F            100           2
                         1000-1FFF            100
        IDLOC            2000-2003              4           2
        RAM              006D-006F              3           1
                         00C7-00EF             29
                         0110-016F             60
                         0190-01EF             60
        SFR0             0000-001F             20           1
        SFR1             0080-009F             20           1
        SFR2             0100-010F             10           1
        SFR3             0180-018F             10           1
        STACK            0110-016F             60           1
        STRCODE          0A0F-0E2F            421           2
                         1000-1FFF           1000
        STRING           0A0F-0E2F            100           2
                         1000-1FFF            100

                                  Symbol Table

?___aldiv                                cstackCOMMON 0070
?___lwdiv                                cstackCOMMON 0070
?___lwmod                                cstackCOMMON 0078
?___wmul                                 cstackCOMMON 0070
?__esp8266_waitFor                       cstackCOMMON 0070
?_atoi                                   cstackCOMMON 0076
?_sprintf                                cstackBANK0  0020
?_strlen                                 cstackCOMMON 0070
ESP8266_send_string@st_pt                cstackCOMMON 0071
Lcd_Cmd@a                                cstackCOMMON 0073
Lcd_Port@a                               cstackCOMMON 0070
Lcd_Print_Char@a                         cstackCOMMON 0074
Lcd_Print_Char@temp                      cstackCOMMON 0072
Lcd_Print_Char@y                         cstackCOMMON 0073
Lcd_Print_String@a                       cstackCOMMON 0075
Lcd_Print_String@i                       cstackCOMMON 007A
Lcd_Set_Cursor@a                         cstackCOMMON 0077
Lcd_Set_Cursor@b                         cstackCOMMON 0074
Lcd_Set_Cursor@temp                      cstackCOMMON 007A
Lcd_Set_Cursor@y                         cstackCOMMON 0079
Lcd_Set_Cursor@z                         cstackCOMMON 0078
UART_Init@baudrate                       cstackBANK0  0026
UART_Init@x                              cstackCOMMON 0079
_BRGH                                    (abs)        04C2
_CREN                                    (abs)        00C4
_ESP8266_send_string                     text19       0F1E
_Lcd_Clear                               text27       0E42
_Lcd_Cmd                                 text28       0EC5
_Lcd_Init                                text26       0131
_Lcd_Port                                text29       0EAB
_Lcd_Print_Char                          text25       0FC7
_Lcd_Print_String                        text24       00AA
_Lcd_Set_Cursor                          text23       00E7
_OERR                                    (abs)        00C1
_RCIF                                    (abs)        0065
_RCREG                                   (abs)        001A
_RD2                                     (abs)        0042
_RD3                                     (abs)        0043
_RD4                                     (abs)        0044
_RD5                                     (abs)        0045
_RD6                                     (abs)        0046
_RD7                                     (abs)        0047
_SPBRG                                   (abs)        0099
_SPEN                                    (abs)        00C7
_SYNC                                    (abs)        04C4
_TRISC6                                  (abs)        043E
_TRISC7                                  (abs)        043F
_TRISD                                   (abs)        0088
_TXEN                                    (abs)        04C5
_TXIF                                    (abs)        0064
_TXREG                                   (abs)        0019
_UART_Init                               text21       04E6
__CFG_BOR4V$BOR40V                       (abs)        0000
__CFG_BOREN$ON                           (abs)        0000
__CFG_CP$OFF                             (abs)        0000
__CFG_CPD$OFF                            (abs)        0000
__CFG_FCMEN$ON                           (abs)        0000
__CFG_FOSC$HS                            (abs)        0000
__CFG_IESO$ON                            (abs)        0000
__CFG_LVP$OFF                            (abs)        0000
__CFG_MCLRE$ON                           (abs)        0000
__CFG_PWRTE$OFF                          (abs)        0000
__CFG_WDTE$OFF                           (abs)        0000
__CFG_WRT$OFF                            (abs)        0000
__Habs1                                  abs1         0000
__Hbank0                                 bank0        0000
__Hbank1                                 bank1        0000
__Hbank2                                 bank2        0000
__Hbank3                                 bank3        0000
__HbssBANK1                              bssBANK1     0000
__Hcinit                                 cinit        0800
__Hclrtext                               clrtext      0000
__Hcode                                  code         0000
__Hcommon                                common       0000
__Hconfig                                config       2009
__HcstackBANK0                           cstackBANK0  0000
__HcstackCOMMON                          cstackCOMMON 0000
__HdataBANK1                             dataBANK1    0000
__Heeprom_data                           eeprom_data  0000
__Hend_init                              end_init     0003
__Hfunctab                               functab      0000
__HidataBANK1                            idataBANK1   0000
__Hidloc                                 idloc        0000
__Hinit                                  init         0000
__Hinittext                              inittext     0000
__Hintentry                              intentry     0000
__Hmaintext                              maintext     0000
__Hpowerup                               powerup      0000
__Hram                                   ram          0000
__Hreset_vec                             reset_vec    0000
__Hsfr0                                  sfr0         0000
__Hsfr1                                  sfr1         0000
__Hsfr2                                  sfr2         0000
__Hsfr3                                  sfr3         0000
__Hspace_0                               (abs)        2009
__Hspace_1                               (abs)        00C7
__Hspace_2                               (abs)        0000
__Hspace_3                               (abs)        0000
__Hstack                                 stack        0000
__Hstrings                               strings      0000
__Hstringtext                            stringtext   0000
__Htext                                  text         0000
__Labs1                                  abs1         0000
__Lbank0                                 bank0        0000
__Lbank1                                 bank1        0000
__Lbank2                                 bank2        0000
__Lbank3                                 bank3        0000
__LbssBANK1                              bssBANK1     0000
__Lcinit                                 cinit        07E8
__Lclrtext                               clrtext      0000
__Lcode                                  code         0000
__Lcommon                                common       0000
__Lconfig                                config       2007
__LcstackBANK0                           cstackBANK0  0000
__LcstackCOMMON                          cstackCOMMON 0000
__LdataBANK1                             dataBANK1    0000
__Leeprom_data                           eeprom_data  0000
__Lend_init                              end_init     0000
__Lfunctab                               functab      0000
__LidataBANK1                            idataBANK1   0000
__Lidloc                                 idloc        0000
__Linit                                  init         0000
__Linittext                              inittext     0000
__Lintentry                              intentry     0000
__Lmaintext                              maintext     0000
__Lpowerup                               powerup      0000
__Lram                                   ram          0000
__Lreset_vec                             reset_vec    0000
__Lsfr0                                  sfr0         0000
__Lsfr1                                  sfr1         0000
__Lsfr2                                  sfr2         0000
__Lsfr3                                  sfr3         0000
__Lspace_0                               (abs)        0000
__Lspace_1                               (abs)        0000
__Lspace_2                               (abs)        0000
__Lspace_3                               (abs)        0000
__Lstack                                 stack        0000
__Lstrings                               strings      0000
__Lstringtext                            stringtext   0000
__Ltext                                  text         0000
__S0                                     (abs)        2009
__S1                                     (abs)        00C7
__S2                                     (abs)        0000
__S3                                     (abs)        0000
___aldiv                                 text22       025F
___aldiv@counter                         cstackBANK0  0020
___aldiv@dividend                        cstackCOMMON 0074
___aldiv@divisor                         cstackCOMMON 0070
___aldiv@quotient                        cstackBANK0  0022
___aldiv@sign                            cstackBANK0  0021
___int_sp                                stack        0000
___latbits                               (abs)        0002
___lwdiv                                 text10       0032
___lwdiv@counter                         cstackCOMMON 0077
___lwdiv@dividend                        cstackCOMMON 0072
___lwdiv@divisor                         cstackCOMMON 0070
___lwdiv@quotient                        cstackCOMMON 0075
___lwmod                                 text9        0F95
___lwmod@counter                         cstackCOMMON 007D
___lwmod@dividend                        cstackCOMMON 007A
___lwmod@divisor                         cstackCOMMON 0078
___sp                                    stack        0000
___wmul                                  text4        0EFD
___wmul@multiplicand                     cstackCOMMON 0072
___wmul@multiplier                       cstackCOMMON 0070
___wmul@product                          cstackCOMMON 0074
__end_of_ESP8266_send_string             text19       0F41
__end_of_Lcd_Clear                       text27       0E4D
__end_of_Lcd_Cmd                         text28       0EDF
__end_of_Lcd_Init                        text26       018B
__end_of_Lcd_Port                        text29       0EC5
__end_of_Lcd_Print_Char                  text25       1000
__end_of_Lcd_Print_String                text24       00E7
__end_of_Lcd_Set_Cursor                  text23       0131
__end_of_UART_Init                       text21       05CE
__end_of___aldiv                         text22       02EE
__end_of___lwdiv                         text10       006E
__end_of___lwmod                         text9        0FC7
__end_of___wmul                          text4        0F1E
__end_of__esp8266_getch                  text18       0E42
__end_of__esp8266_print                  text15       0F64
__end_of__esp8266_putch                  text20       0E38
__end_of__esp8266_waitFor                text5        00AA
__end_of__esp8266_waitResponse           text17       0415
__end_of__esp8266_waitResponse@lengths   stringtext   082C
__end_of__esp8266_waitResponse@responses stringtext   0824
__end_of__initialization                 cinit        07FC
__end_of__stringtab                      stringtext   0812
__end_of_atoi                            text2        01F4
__end_of_dpowers                         stringtext   081C
__end_of_esp8266_config_server           text16       0E5A
__end_of_esp8266_config_softAP           text14       0F95
__end_of_esp8266_isStarted               text13       0EAB
__end_of_esp8266_mode                    text12       0EFD
__end_of_esp8266_multi                   text11       0E67
__end_of_esp8266_send                    text6        025F
__end_of_isdigit                         text3        0E75
__end_of_main                            maintext     07E8
__end_of_revClient                       text1        037E
__end_of_sprintf                         text8        04E6
__end_of_strlen                          text7        0032
__esp8266_getch                          text18       0E38
__esp8266_print                          text15       0F41
__esp8266_print@ptr                      cstackCOMMON 0071
__esp8266_putch                          text20       0E30
__esp8266_putch@bt                       cstackCOMMON 0070
__esp8266_waitFor                        text5        006E
__esp8266_waitFor@counter                cstackCOMMON 0073
__esp8266_waitFor@received               cstackCOMMON 0075
__esp8266_waitFor@string                 cstackCOMMON 0070
__esp8266_waitFor@temp                   cstackCOMMON 0076
__esp8266_waitResponse                   text17       037E
__esp8266_waitResponse@F2066             bssBANK1     00A0
__esp8266_waitResponse@F2069             dataBANK1    00B7
__esp8266_waitResponse@continue_loop     cstackBANK0  003A
__esp8266_waitResponse@i                 cstackBANK0  003B
__esp8266_waitResponse@lengths           stringtext   0824
__esp8266_waitResponse@received          cstackBANK0  0038
__esp8266_waitResponse@response          cstackBANK0  0039
__esp8266_waitResponse@responses         stringtext   081C
__esp8266_waitResponse@so_far            cstackBANK0  0030
__esp8266_waitResponse@strings           cstackBANK0  0020
__initialization                         cinit        07E8
__pbssBANK1                              bssBANK1     00A0
__pcstackBANK0                           cstackBANK0  0020
__pcstackCOMMON                          cstackCOMMON 0070
__pdataBANK1                             dataBANK1    00B7
__pidataBANK1                            idataBANK1   0E75
__pmaintext                              maintext     05CE
__pstringtext                            stringtext   0800
__ptext1                                 text1        02EE
__ptext10                                text10       0032
__ptext11                                text11       0E5A
__ptext12                                text12       0EDF
__ptext13                                text13       0E96
__ptext14                                text14       0F64
__ptext15                                text15       0F41
__ptext16                                text16       0E4D
__ptext17                                text17       037E
__ptext18                                text18       0E38
__ptext19                                text19       0F1E
__ptext2                                 text2        018B
__ptext20                                text20       0E30
__ptext21                                text21       04E6
__ptext22                                text22       025F
__ptext23                                text23       00E7
__ptext24                                text24       00AA
__ptext25                                text25       0FC7
__ptext26                                text26       0131
__ptext27                                text27       0E42
__ptext28                                text28       0EC5
__ptext29                                text29       0EAB
__ptext3                                 text3        0E67
__ptext4                                 text4        0EFD
__ptext5                                 text5        006E
__ptext6                                 text6        01F4
__ptext7                                 text7        000B
__ptext8                                 text8        0415
__ptext9                                 text9        0F95
__size_of_ESP8266_send_string            (abs)        0000
__size_of_Lcd_Clear                      (abs)        0000
__size_of_Lcd_Cmd                        (abs)        0000
__size_of_Lcd_Init                       (abs)        0000
__size_of_Lcd_Port                       (abs)        0000
__size_of_Lcd_Print_Char                 (abs)        0000
__size_of_Lcd_Print_String               (abs)        0000
__size_of_Lcd_Set_Cursor                 (abs)        0000
__size_of_UART_Init                      (abs)        0000
__size_of___aldiv                        (abs)        0000
__size_of___lwdiv                        (abs)        0000
__size_of___lwmod                        (abs)        0000
__size_of___wmul                         (abs)        0000
__size_of__esp8266_getch                 (abs)        0000
__size_of__esp8266_print                 (abs)        0000
__size_of__esp8266_putch                 (abs)        0000
__size_of__esp8266_waitFor               (abs)        0000
__size_of__esp8266_waitResponse          (abs)        0000
__size_of_atoi                           (abs)        0000
__size_of_esp8266_config_server          (abs)        0000
__size_of_esp8266_config_softAP          (abs)        0000
__size_of_esp8266_isStarted              (abs)        0000
__size_of_esp8266_mode                   (abs)        0000
__size_of_esp8266_multi                  (abs)        0000
__size_of_esp8266_send                   (abs)        0000
__size_of_isdigit                        (abs)        0000
__size_of_main                           (abs)        0000
__size_of_revClient                      (abs)        0000
__size_of_sprintf                        (abs)        0000
__size_of_strlen                         (abs)        0000
__stringbase                             stringtext   0812
__stringtab                              stringtext   0800
_atoi                                    text2        018B
_dpowers                                 stringtext   0812
_esp8266_config_server                   text16       0E4D
_esp8266_config_softAP                   text14       0F64
_esp8266_isStarted                       text13       0E96
_esp8266_mode                            text12       0EDF
_esp8266_multi                           text11       0E5A
_esp8266_send                            text6        01F4
_isdigit                                 text3        0E67
_isdigit$480                             cstackCOMMON 0070
_main                                    maintext     05CE
_revClient                               text1        02EE
_sprintf                                 text8        0415
_strlen                                  text7        000B
atoi@a                                   cstackCOMMON 007B
atoi@s                                   cstackCOMMON 007D
atoi@sign                                cstackCOMMON 007A
btemp                                    (abs)        007E
clear_ram0                               clrtext      0003
end_of_initialization                    cinit        07FC
esp8266_config_softAP@softpass           cstackCOMMON 0076
esp8266_config_softAP@softssid           cstackCOMMON 0074
esp8266_mode@mode                        cstackCOMMON 0074
esp8266_send@F2041                       bssBANK1     00A8
esp8266_send@data                        cstackBANK0  003C
esp8266_send@length_str                  cstackBANK0  003E
esp8266_start@F2038                      bssBANK1     00AE
init_fetch0                              inittext     0E85
init_ram0                                inittext     0E89
intlevel0                                functab      0000
intlevel1                                functab      0000
intlevel2                                functab      0000
intlevel3                                functab      0000
intlevel4                                functab      0000
intlevel5                                functab      0000
isdigit@c                                cstackCOMMON 0071
main@_revSizeC                           cstackBANK0  0069
main@_revSizeN                           cstackBANK0  0067
main@a                                   cstackBANK0  006B
main@revC                                cstackBANK0  0057
main@revN                                cstackBANK0  0047
reset_vec                                reset_vec    0000
revClient@F2055                          bssBANK1     00B3
revClient@_lenght                        cstackBANK0  0025
revClient@_lenght2                       cstackBANK0  0024
revClient@_string_Rev                    cstackBANK0  0029
revClient@_temp                          cstackBANK0  002E
revClient@_temp2                         cstackBANK0  002C
revClient@_truesize                      cstackBANK0  002A
revClient@lenght                         cstackBANK0  0020
sprintf@ap                               cstackBANK0  0028
sprintf@c                                cstackBANK0  002D
sprintf@f                                cstackBANK0  0020
sprintf@flag                             cstackBANK0  0027
sprintf@prec                             cstackBANK0  002B
sprintf@sp                               cstackBANK0  002C
sprintf@val                              cstackBANK0  0029
stackhi                                  (abs)        0000
stacklo                                  (abs)        0000
start                                    init         0000
start_initialization                     cinit        07E8
strlen@cp                                cstackCOMMON 0074
strlen@s                                 cstackCOMMON 0070
wtemp0                                   (abs)        007E


FUNCTION INFORMATION:

 *************** function _main *****************
 Defined at:
		line 27 in file "main887.c"
 Parameters:    Size  Location     Type
		None
 Auto vars:     Size  Location     Type
  revC           16   55[BANK0 ] unsigned char [16]
  revN           16   39[BANK0 ] unsigned char [16]
  a               2   75[BANK0 ] int 
  _revSizeC       2   73[BANK0 ] int 
  _revSizeN       2   71[BANK0 ] int 
 Return value:  Size  Location     Type
                  1    wreg      void 
 Registers used:
		wreg, fsr0l, fsr0h, status,2, status,0, btemp+1, pclath, cstack
 Tracked objects:
		On entry : 
		On exit  : 
		Unchanged: 
 Data sizes:     COMMON   BANK0   BANK1   BANK3   BANK2
      Params:         0       0       0       0       0
      Locals:         0      38       0       0       0
      Temps:          0       3       0       0       0
      Totals:         0      41       0       0       0
Total ram usage:       41 bytes
 Hardware stack levels required when called:    3
 This function calls:
		_Lcd_Clear
		_Lcd_Init
		_Lcd_Print_String
		_Lcd_Set_Cursor
		_UART_Init
		__esp8266_waitResponse
		_esp8266_config_server
		_esp8266_config_softAP
		_esp8266_isStarted
		_esp8266_mode
		_esp8266_multi
		_esp8266_send
		_revClient
 This function is called by:
		Startup code after reset
 This function uses a non-reentrant model


 *************** function _revClient *****************
 Defined at:
		line 419 in file "ESP_lib.h"
 Parameters:    Size  Location     Type
  _string_Rev     1    wreg     PTR unsigned char 
		 -> main@revC(16), main@revN(16), 
  lenght          2    0[BANK0 ] int 
 Auto vars:     Size  Location     Type
  _string_Rev     1    9[BANK0 ] PTR unsigned char 
		 -> main@revC(16), main@revN(16), 
  _lenght         4    5[BANK0 ] unsigned char [4]
  _temp           2   14[BANK0 ] unsigned int 
  _temp2          2   12[BANK0 ] unsigned int 
  _truesize       2   10[BANK0 ] unsigned int 
  _lenght2        1    4[BANK0 ] unsigned char 
 Return value:  Size  Location     Type
                  1    wreg      void 
 Registers used:
		wreg, fsr0l, fsr0h, status,2, status,0, btemp+1, pclath, cstack
 Tracked objects:
		On entry : 
		On exit  : 
		Unchanged: 
 Data sizes:     COMMON   BANK0   BANK1   BANK3   BANK2
      Params:         0       2       0       0       0
      Locals:         0      12       0       0       0
      Temps:          0       2       0       0       0
      Totals:         0      16       0       0       0
Total ram usage:       16 bytes
 Hardware stack levels used:    1
 Hardware stack levels required when called:    2
 This function calls:
		__esp8266_getch
		__esp8266_waitFor
		_atoi
 This function is called by:
		_main
 This function uses a non-reentrant model


 *************** function _atoi *****************
 Defined at:
		line 5 in file "C:\Program Files (x86)\Microchip\xc8\v1.41\sources\common\atoi.c"
 Parameters:    Size  Location     Type
  s               1    wreg     PTR const unsigned char 
		 -> revClient@_lenght(4), 
 Auto vars:     Size  Location     Type
  s               1   13[COMMON] PTR const unsigned char 
		 -> revClient@_lenght(4), 
  a               2   11[COMMON] int 
  sign            1   10[COMMON] unsigned char 
 Return value:  Size  Location     Type
                  2    6[COMMON] int 
 Registers used:
		wreg, fsr0l, fsr0h, status,2, status,0, pclath, cstack
 Tracked objects:
		On entry : 
		On exit  : 
		Unchanged: 
 Data sizes:     COMMON   BANK0   BANK1   BANK3   BANK2
      Params:         2       0       0       0       0
      Locals:         4       0       0       0       0
      Temps:          2       0       0       0       0
      Totals:         8       0       0       0       0
Total ram usage:        8 bytes
 Hardware stack levels used:    1
 Hardware stack levels required when called:    1
 This function calls:
		___wmul
		_isdigit
 This function is called by:
		_revClient
 This function uses a non-reentrant model


 *************** function _isdigit *****************
 Defined at:
		line 8 in file "C:\Program Files (x86)\Microchip\xc8\v1.41\sources\common\isdigit.c"
 Parameters:    Size  Location     Type
  c               1    wreg     unsigned char 
 Auto vars:     Size  Location     Type
  c               1    1[COMMON] unsigned char 
 Return value:  Size  Location     Type
		None               void
 Registers used:
		wreg, status,2, status,0
 Tracked objects:
		On entry : 
		On exit  : 
		Unchanged: 
 Data sizes:     COMMON   BANK0   BANK1   BANK3   BANK2
      Params:         0       0       0       0       0
      Locals:         2       0       0       0       0
      Temps:          0       0       0       0       0
      Totals:         2       0       0       0       0
Total ram usage:        2 bytes
 Hardware stack levels used:    1
 This function calls:
		Nothing
 This function is called by:
		_atoi
 This function uses a non-reentrant model


 *************** function ___wmul *****************
 Defined at:
		line 15 in file "C:\Program Files (x86)\Microchip\xc8\v1.41\sources\common\Umul16.c"
 Parameters:    Size  Location     Type
  multiplier      2    0[COMMON] unsigned int 
  multiplicand    2    2[COMMON] unsigned int 
 Auto vars:     Size  Location     Type
  product         2    4[COMMON] unsigned int 
 Return value:  Size  Location     Type
                  2    0[COMMON] unsigned int 
 Registers used:
		wreg, status,2, status,0
 Tracked objects:
		On entry : 
		On exit  : 
		Unchanged: 
 Data sizes:     COMMON   BANK0   BANK1   BANK3   BANK2
      Params:         4       0       0       0       0
      Locals:         2       0       0       0       0
      Temps:          0       0       0       0       0
      Totals:         6       0       0       0       0
Total ram usage:        6 bytes
 Hardware stack levels used:    1
 This function calls:
		Nothing
 This function is called by:
		_atoi
		_esp8266_receive
 This function uses a non-reentrant model


 *************** function __esp8266_waitFor *****************
 Defined at:
		line 464 in file "ESP_lib.h"
 Parameters:    Size  Location     Type
  string          2    0[COMMON] PTR unsigned char 
		 -> STR_38(8), STR_37(3), STR_36(5), STR_35(6), 
		 -> STR_24(3), STR_22(3), STR_20(3), STR_13(3), 
 Auto vars:     Size  Location     Type
  counter         2    3[COMMON] unsigned int 
  temp            1    6[COMMON] unsigned char 
  received        1    5[COMMON] unsigned char 
 Return value:  Size  Location     Type
                  2    0[COMMON] unsigned int 
 Registers used:
		wreg, fsr0l, fsr0h, status,2, status,0, btemp+1, pclath, cstack
 Tracked objects:
		On entry : 
		On exit  : 
		Unchanged: 
 Data sizes:     COMMON   BANK0   BANK1   BANK3   BANK2
      Params:         2       0       0       0       0
      Locals:         4       0       0       0       0
      Temps:          1       0       0       0       0
      Totals:         7       0       0       0       0
Total ram usage:        7 bytes
 Hardware stack levels used:    1
 Hardware stack levels required when called:    1
 This function calls:
		__esp8266_getch
 This function is called by:
		_revClient
		_esp8266_echoCmds
		_esp8266_close
		_esp8266_disconnect
		_esp8266_ip
		_esp8266_receive
 This function uses a non-reentrant model


 *************** function _esp8266_send *****************
 Defined at:
		line 362 in file "ESP_lib.h"
 Parameters:    Size  Location     Type
  data            2   28[BANK0 ] PTR unsigned char 
		 -> STR_63(9), STR_61(9), 
 Auto vars:     Size  Location     Type
  length_str      6   30[BANK0 ] unsigned char [6]
 Return value:  Size  Location     Type
		None               void
 Registers used:
		wreg, fsr0l, fsr0h, status,2, status,0, btemp+1, pclath, cstack
 Tracked objects:
		On entry : 
		On exit  : 
		Unchanged: 
 Data sizes:     COMMON   BANK0   BANK1   BANK3   BANK2
      Params:         0       2       0       0       0
      Locals:         0       6       0       0       0
      Temps:          0       0       0       0       0
      Totals:         0       8       0       0       0
Total ram usage:        8 bytes
 Hardware stack levels used:    1
 Hardware stack levels required when called:    2
 This function calls:
		__esp8266_getch
		__esp8266_print
		__esp8266_waitResponse
		_sprintf
		_strlen
 This function is called by:
		_main
 This function uses a non-reentrant model


 *************** function _strlen *****************
 Defined at:
		line 4 in file "C:\Program Files (x86)\Microchip\xc8\v1.41\sources\common\strlen.c"
 Parameters:    Size  Location     Type
  s               2    0[COMMON] PTR const unsigned char 
		 -> STR_63(9), STR_61(9), 
 Auto vars:     Size  Location     Type
  cp              2    4[COMMON] PTR const unsigned char 
		 -> STR_63(9), STR_61(9), 
 Return value:  Size  Location     Type
                  2    0[COMMON] unsigned int 
 Registers used:
		wreg, fsr0l, fsr0h, status,2, status,0, btemp+1, pclath
 Tracked objects:
		On entry : 
		On exit  : 
		Unchanged: 
 Data sizes:     COMMON   BANK0   BANK1   BANK3   BANK2
      Params:         2       0       0       0       0
      Locals:         2       0       0       0       0
      Temps:          2       0       0       0       0
      Totals:         6       0       0       0       0
Total ram usage:        6 bytes
 Hardware stack levels used:    2
 This function calls:
		Nothing
 This function is called by:
		_esp8266_send
 This function uses a non-reentrant model


 *************** function _sprintf *****************
 Defined at:
		line 492 in file "C:\Program Files (x86)\Microchip\xc8\v1.41\sources\common\doprnt.c"
 Parameters:    Size  Location     Type
  sp              1    wreg     PTR unsigned char 
		 -> esp8266_send@length_str(6), esp8266_start@port_str(5), 
  f               2    0[BANK0 ] PTR const unsigned char 
		 -> STR_32(3), STR_30(3), 
 Auto vars:     Size  Location     Type
  sp              1   12[BANK0 ] PTR unsigned char 
		 -> esp8266_send@length_str(6), esp8266_start@port_str(5), 
  tmpval          4    0        struct .
  val             2    9[BANK0 ] unsigned int 
  cp              2    0        PTR const unsigned char 
  len             2    0        unsigned int 
  c               1   13[BANK0 ] char 
  prec            1   11[BANK0 ] char 
  ap              1    8[BANK0 ] PTR void [1]
		 -> ?_sprintf(2), 
  flag            1    7[BANK0 ] unsigned char 
 Return value:  Size  Location     Type
                  2    0[BANK0 ] int 
 Registers used:
		wreg, fsr0l, fsr0h, status,2, status,0, btemp+1, pclath, cstack
 Tracked objects:
		On entry : 
		On exit  : 
		Unchanged: 
 Data sizes:     COMMON   BANK0   BANK1   BANK3   BANK2
      Params:         0       4       0       0       0
      Locals:         0       7       0       0       0
      Temps:          0       3       0       0       0
      Totals:         0      14       0       0       0
Total ram usage:       14 bytes
 Hardware stack levels used:    1
 Hardware stack levels required when called:    1
 This function calls:
		___lwdiv
		___lwmod
 This function is called by:
		_esp8266_send
		_esp8266_start
 This function uses a non-reentrant model


 *************** function ___lwmod *****************
 Defined at:
		line 6 in file "C:\Program Files (x86)\Microchip\xc8\v1.41\sources\common\lwmod.c"
 Parameters:    Size  Location     Type
  divisor         2    8[COMMON] unsigned int 
  dividend        2   10[COMMON] unsigned int 
 Auto vars:     Size  Location     Type
  counter         1   13[COMMON] unsigned char 
 Return value:  Size  Location     Type
                  2    8[COMMON] unsigned int 
 Registers used:
		wreg, status,2, status,0
 Tracked objects:
		On entry : 
		On exit  : 
		Unchanged: 
 Data sizes:     COMMON   BANK0   BANK1   BANK3   BANK2
      Params:         4       0       0       0       0
      Locals:         1       0       0       0       0
      Temps:          1       0       0       0       0
      Totals:         6       0       0       0       0
Total ram usage:        6 bytes
 Hardware stack levels used:    1
 This function calls:
		Nothing
 This function is called by:
		_sprintf
 This function uses a non-reentrant model


 *************** function ___lwdiv *****************
 Defined at:
		line 6 in file "C:\Program Files (x86)\Microchip\xc8\v1.41\sources\common\lwdiv.c"
 Parameters:    Size  Location     Type
  divisor         2    0[COMMON] unsigned int 
  dividend        2    2[COMMON] unsigned int 
 Auto vars:     Size  Location     Type
  quotient        2    5[COMMON] unsigned int 
  counter         1    7[COMMON] unsigned char 
 Return value:  Size  Location     Type
                  2    0[COMMON] unsigned int 
 Registers used:
		wreg, status,2, status,0
 Tracked objects:
		On entry : 
		On exit  : 
		Unchanged: 
 Data sizes:     COMMON   BANK0   BANK1   BANK3   BANK2
      Params:         4       0       0       0       0
      Locals:         3       0       0       0       0
      Temps:          1       0       0       0       0
      Totals:         8       0       0       0       0
Total ram usage:        8 bytes
 Hardware stack levels used:    1
 This function calls:
		Nothing
 This function is called by:
		_sprintf
 This function uses a non-reentrant model


 *************** function _esp8266_multi *****************
 Defined at:
		line 153 in file "ESP_lib.h"
 Parameters:    Size  Location     Type
		None
 Auto vars:     Size  Location     Type
		None
 Return value:  Size  Location     Type
                  1    wreg      unsigned char 
 Registers used:
		wreg, fsr0l, fsr0h, status,2, status,0, btemp+1, pclath, cstack
 Tracked objects:
		On entry : 
		On exit  : 
		Unchanged: 
 Data sizes:     COMMON   BANK0   BANK1   BANK3   BANK2
      Params:         0       0       0       0       0
      Locals:         0       0       0       0       0
      Temps:          0       0       0       0       0
      Totals:         0       0       0       0       0
Total ram usage:        0 bytes
 Hardware stack levels used:    1
 Hardware stack levels required when called:    2
 This function calls:
		_ESP8266_send_string
		__esp8266_waitResponse
 This function is called by:
		_main
 This function uses a non-reentrant model


 *************** function _esp8266_mode *****************
 Defined at:
		line 250 in file "ESP_lib.h"
 Parameters:    Size  Location     Type
  mode            1    wreg     unsigned char 
 Auto vars:     Size  Location     Type
  mode            1    4[COMMON] unsigned char 
 Return value:  Size  Location     Type
                  1    wreg      void 
 Registers used:
		wreg, fsr0l, fsr0h, status,2, status,0, btemp+1, pclath, cstack
 Tracked objects:
		On entry : 
		On exit  : 
		Unchanged: 
 Data sizes:     COMMON   BANK0   BANK1   BANK3   BANK2
      Params:         0       0       0       0       0
      Locals:         1       0       0       0       0
      Temps:          0       0       0       0       0
      Totals:         1       0       0       0       0
Total ram usage:        1 bytes
 Hardware stack levels used:    1
 Hardware stack levels required when called:    2
 This function calls:
		__esp8266_print
		__esp8266_putch
		__esp8266_waitResponse
 This function is called by:
		_main
 This function uses a non-reentrant model


 *************** function _esp8266_isStarted *****************
 Defined at:
		line 198 in file "ESP_lib.h"
 Parameters:    Size  Location     Type
		None
 Auto vars:     Size  Location     Type
		None
 Return value:  Size  Location     Type
		None               void
 Registers used:
		wreg, fsr0l, fsr0h, status,2, status,0, btemp+1, pclath, cstack
 Tracked objects:
		On entry : 
		On exit  : 
		Unchanged: 
 Data sizes:     COMMON   BANK0   BANK1   BANK3   BANK2
      Params:         0       0       0       0       0
      Locals:         0       0       0       0       0
      Temps:          0       0       0       0       0
      Totals:         0       0       0       0       0
Total ram usage:        0 bytes
 Hardware stack levels used:    1
 Hardware stack levels required when called:    2
 This function calls:
		__esp8266_print
		__esp8266_waitResponse
 This function is called by:
		_main
 This function uses a non-reentrant model


 *************** function _esp8266_config_softAP *****************
 Defined at:
		line 142 in file "ESP_lib.h"
 Parameters:    Size  Location     Type
  softssid        2    4[COMMON] PTR unsigned char 
		 -> STR_54(8), 
  softpass        2    6[COMMON] PTR unsigned char 
		 -> STR_55(9), 
 Auto vars:     Size  Location     Type
		None
 Return value:  Size  Location     Type
                  1    wreg      unsigned char 
 Registers used:
		wreg, fsr0l, fsr0h, status,2, status,0, btemp+1, pclath, cstack
 Tracked objects:
		On entry : 
		On exit  : 
		Unchanged: 
 Data sizes:     COMMON   BANK0   BANK1   BANK3   BANK2
      Params:         4       0       0       0       0
      Locals:         0       0       0       0       0
      Temps:          0       0       0       0       0
      Totals:         4       0       0       0       0
Total ram usage:        4 bytes
 Hardware stack levels used:    1
 Hardware stack levels required when called:    2
 This function calls:
		__esp8266_print
		__esp8266_waitResponse
 This function is called by:
		_main
 This function uses a non-reentrant model


 *************** function __esp8266_print *****************
 Defined at:
		line 448 in file "ESP_lib.h"
 Parameters:    Size  Location     Type
  ptr             2    1[COMMON] PTR const unsigned char 
		 -> STR_63(9), STR_61(9), STR_55(9), STR_54(8), 
		 -> STR_34(3), STR_33(14), esp8266_send@length_str(6), STR_31(3), 
		 -> esp8266_start@port_str(5), STR_29(3), STR_28(4), STR_27(4), 
		 -> STR_26(4), STR_25(14), STR_23(11), STR_21(11), 
		 -> STR_19(16), STR_18(4), STR_17(4), STR_16(11), 
		 -> STR_15(3), STR_14(11), STR_12(3), STR_11(4), 
		 -> STR_10(9), STR_9(5), STR_3(8), STR_2(4), 
		 -> STR_1(11), 
 Auto vars:     Size  Location     Type
		None
 Return value:  Size  Location     Type
                  1    wreg      void 
 Registers used:
		wreg, fsr0l, fsr0h, status,2, status,0, btemp+1, pclath, cstack
 Tracked objects:
		On entry : 
		On exit  : 
		Unchanged: 
 Data sizes:     COMMON   BANK0   BANK1   BANK3   BANK2
      Params:         2       0       0       0       0
      Locals:         0       0       0       0       0
      Temps:          0       0       0       0       0
      Totals:         2       0       0       0       0
Total ram usage:        2 bytes
 Hardware stack levels used:    1
 Hardware stack levels required when called:    1
 This function calls:
		__esp8266_putch
 This function is called by:
		_esp8266_config_softAP
		_esp8266_isStarted
		_esp8266_mode
		_esp8266_send
		_esp8266_restart
		_esp8266_echoCmds
		_esp8266_connect
		_esp8266_close
		_esp8266_disconnect
		_esp8266_ip
		_esp8266_start
 This function uses a non-reentrant model


 *************** function _esp8266_config_server *****************
 Defined at:
		line 160 in file "ESP_lib.h"
 Parameters:    Size  Location     Type
		None
 Auto vars:     Size  Location     Type
		None
 Return value:  Size  Location     Type
                  1    wreg      unsigned char 
 Registers used:
		wreg, fsr0l, fsr0h, status,2, status,0, btemp+1, pclath, cstack
 Tracked objects:
		On entry : 
		On exit  : 
		Unchanged: 
 Data sizes:     COMMON   BANK0   BANK1   BANK3   BANK2
      Params:         0       0       0       0       0
      Locals:         0       0       0       0       0
      Temps:          0       0       0       0       0
      Totals:         0       0       0       0       0
Total ram usage:        0 bytes
 Hardware stack levels used:    1
 Hardware stack levels required when called:    2
 This function calls:
		_ESP8266_send_string
		__esp8266_waitResponse
 This function is called by:
		_main
 This function uses a non-reentrant model


 *************** function __esp8266_waitResponse *****************
 Defined at:
		line 498 in file "ESP_lib.h"
 Parameters:    Size  Location     Type
		None
 Auto vars:     Size  Location     Type
  i               1   27[BANK0 ] unsigned char 
  strings        16    0[BANK0 ] PTR const unsigned char 
		 -> STR_46(9), STR_45(10), STR_44(7), STR_43(7), 
		 -> STR_42(10), STR_41(5), STR_40(6), STR_39(3), 
  so_far          8   16[BANK0 ] unsigned char [8]
  continue_loo    1   26[BANK0 ] unsigned char 
  response        1   25[BANK0 ] unsigned char 
  received        1   24[BANK0 ] unsigned char 
 Return value:  Size  Location     Type
                  1    wreg      unsigned char 
 Registers used:
		wreg, fsr0l, fsr0h, status,2, status,0, btemp+1, pclath, cstack
 Tracked objects:
		On entry : 
		On exit  : 
		Unchanged: 
 Data sizes:     COMMON   BANK0   BANK1   BANK3   BANK2
      Params:         0       0       0       0       0
      Locals:         0      28       0       0       0
      Temps:          4       0       0       0       0
      Totals:         4      28       0       0       0
Total ram usage:       32 bytes
 Hardware stack levels used:    1
 Hardware stack levels required when called:    1
 This function calls:
		__esp8266_getch
 This function is called by:
		_esp8266_config_softAP
		_esp8266_multi
		_esp8266_config_server
		_esp8266_isStarted
		_esp8266_mode
		_esp8266_send
		_main
		_esp8266_restart
		_esp8266_connect
		_esp8266_start
 This function uses a non-reentrant model


 *************** function __esp8266_getch *****************
 Defined at:
		line 118 in file "ESP_lib.h"
 Parameters:    Size  Location     Type
		None
 Auto vars:     Size  Location     Type
		None
 Return value:  Size  Location     Type
                  1    wreg      unsigned char 
 Registers used:
		wreg
 Tracked objects:
		On entry : 
		On exit  : 
		Unchanged: 
 Data sizes:     COMMON   BANK0   BANK1   BANK3   BANK2
      Params:         0       0       0       0       0
      Locals:         0       0       0       0       0
      Temps:          0       0       0       0       0
      Totals:         0       0       0       0       0
Total ram usage:        0 bytes
 Hardware stack levels used:    1
 This function calls:
		Nothing
 This function is called by:
		_esp8266_send
		_revClient
		__esp8266_waitFor
		__esp8266_waitResponse
		_esp8266_get_stationIP
		_esp8266_ip
		_esp8266_receive
 This function uses a non-reentrant model


 *************** function _ESP8266_send_string *****************
 Defined at:
		line 132 in file "ESP_lib.h"
 Parameters:    Size  Location     Type
  st_pt           2    1[COMMON] PTR unsigned char 
		 -> STR_6(11), STR_5(20), STR_4(14), 
 Auto vars:     Size  Location     Type
		None
 Return value:  Size  Location     Type
                  1    wreg      void 
 Registers used:
		wreg, fsr0l, fsr0h, status,2, status,0, btemp+1, pclath, cstack
 Tracked objects:
		On entry : 
		On exit  : 
		Unchanged: 
 Data sizes:     COMMON   BANK0   BANK1   BANK3   BANK2
      Params:         2       0       0       0       0
      Locals:         0       0       0       0       0
      Temps:          0       0       0       0       0
      Totals:         2       0       0       0       0
Total ram usage:        2 bytes
 Hardware stack levels used:    1
 Hardware stack levels required when called:    1
 This function calls:
		__esp8266_putch
 This function is called by:
		_esp8266_multi
		_esp8266_config_server
		_esp8266_get_stationIP
 This function uses a non-reentrant model


 *************** function __esp8266_putch *****************
 Defined at:
		line 110 in file "ESP_lib.h"
 Parameters:    Size  Location     Type
  bt              1    wreg     unsigned char 
 Auto vars:     Size  Location     Type
  bt              1    0[COMMON] unsigned char 
 Return value:  Size  Location     Type
                  1    wreg      void 
 Registers used:
		wreg
 Tracked objects:
		On entry : 
		On exit  : 
		Unchanged: 
 Data sizes:     COMMON   BANK0   BANK1   BANK3   BANK2
      Params:         0       0       0       0       0
      Locals:         1       0       0       0       0
      Temps:          0       0       0       0       0
      Totals:         1       0       0       0       0
Total ram usage:        1 bytes
 Hardware stack levels used:    1
 This function calls:
		Nothing
 This function is called by:
		_ESP8266_send_string
		_esp8266_mode
		__esp8266_print
		_esp8266_echoCmds
 This function uses a non-reentrant model


 *************** function _UART_Init *****************
 Defined at:
		line 63 in file "ESP_lib.h"
 Parameters:    Size  Location     Type
  baudrate        4    6[BANK0 ] const long 
 Auto vars:     Size  Location     Type
  x               2    9[COMMON] unsigned int 
 Return value:  Size  Location     Type
                  1    wreg      unsigned char 
 Registers used:
		wreg, status,2, status,0, pclath, cstack
 Tracked objects:
		On entry : 
		On exit  : 
		Unchanged: 
 Data sizes:     COMMON   BANK0   BANK1   BANK3   BANK2
      Params:         0       4       0       0       0
      Locals:         2       0       0       0       0
      Temps:          0      12       0       0       0
      Totals:         2      16       0       0       0
Total ram usage:       18 bytes
 Hardware stack levels used:    1
 Hardware stack levels required when called:    1
 This function calls:
		___aldiv
 This function is called by:
		_main
 This function uses a non-reentrant model


 *************** function ___aldiv *****************
 Defined at:
		line 6 in file "C:\Program Files (x86)\Microchip\xc8\v1.41\sources\common\aldiv.c"
 Parameters:    Size  Location     Type
  divisor         4    0[COMMON] long 
  dividend        4    4[COMMON] long 
 Auto vars:     Size  Location     Type
  quotient        4    2[BANK0 ] long 
  sign            1    1[BANK0 ] unsigned char 
  counter         1    0[BANK0 ] unsigned char 
 Return value:  Size  Location     Type
                  4    0[COMMON] long 
 Registers used:
		wreg, status,2, status,0
 Tracked objects:
		On entry : 
		On exit  : 
		Unchanged: 
 Data sizes:     COMMON   BANK0   BANK1   BANK3   BANK2
      Params:         8       0       0       0       0
      Locals:         0       6       0       0       0
      Temps:          1       0       0       0       0
      Totals:         9       6       0       0       0
Total ram usage:       15 bytes
 Hardware stack levels used:    1
 This function calls:
		Nothing
 This function is called by:
		_UART_Init
 This function uses a non-reentrant model


 *************** function _Lcd_Set_Cursor *****************
 Defined at:
		line 41 in file "LCD.h"
 Parameters:    Size  Location     Type
  a               1    wreg     unsigned char 
  b               1    4[COMMON] unsigned char 
 Auto vars:     Size  Location     Type
  a               1    7[COMMON] unsigned char 
  temp            1   10[COMMON] unsigned char 
  y               1    9[COMMON] unsigned char 
  z               1    8[COMMON] unsigned char 
 Return value:  Size  Location     Type
                  1    wreg      void 
 Registers used:
		wreg, status,2, status,0, pclath, cstack
 Tracked objects:
		On entry : 
		On exit  : 
		Unchanged: 
 Data sizes:     COMMON   BANK0   BANK1   BANK3   BANK2
      Params:         1       0       0       0       0
      Locals:         4       0       0       0       0
      Temps:          2       0       0       0       0
      Totals:         7       0       0       0       0
Total ram usage:        7 bytes
 Hardware stack levels used:    1
 Hardware stack levels required when called:    2
 This function calls:
		_Lcd_Cmd
 This function is called by:
		_main
		_esp8266_get_stationIP
 This function uses a non-reentrant model


 *************** function _Lcd_Print_String *****************
 Defined at:
		line 97 in file "LCD.h"
 Parameters:    Size  Location     Type
  a               2    5[COMMON] PTR unsigned char 
		 -> STR_62(12), STR_60(12), main@revC(16), main@revN(16), 
		 -> STR_59(11), STR_58(14), STR_57(15), STR_56(12), 
		 -> STR_53(18), STR_52(16), STR_51(16), STR_50(17), 
		 -> STR_49(14), STR_48(17), STR_47(14), STR_8(5), 
		 -> STR_7(4), 
 Auto vars:     Size  Location     Type
  i               2   10[COMMON] int 
 Return value:  Size  Location     Type
                  1    wreg      void 
 Registers used:
		wreg, fsr0l, fsr0h, status,2, status,0, btemp+1, pclath, cstack
 Tracked objects:
		On entry : 
		On exit  : 
		Unchanged: 
 Data sizes:     COMMON   BANK0   BANK1   BANK3   BANK2
      Params:         2       0       0       0       0
      Locals:         2       0       0       0       0
      Temps:          3       0       0       0       0
      Totals:         7       0       0       0       0
Total ram usage:        7 bytes
 Hardware stack levels used:    1
 Hardware stack levels required when called:    2
 This function calls:
		_Lcd_Print_Char
 This function is called by:
		_main
		_esp8266_get_stationIP
 This function uses a non-reentrant model


 *************** function _Lcd_Print_Char *****************
 Defined at:
		line 81 in file "LCD.h"
 Parameters:    Size  Location     Type
  a               1    wreg     unsigned char 
 Auto vars:     Size  Location     Type
  a               1    4[COMMON] unsigned char 
  y               1    3[COMMON] unsigned char 
  temp            1    2[COMMON] unsigned char 
 Return value:  Size  Location     Type
                  1    wreg      void 
 Registers used:
		wreg, status,2, status,0, pclath, cstack
 Tracked objects:
		On entry : 
		On exit  : 
		Unchanged: 
 Data sizes:     COMMON   BANK0   BANK1   BANK3   BANK2
      Params:         0       0       0       0       0
      Locals:         3       0       0       0       0
      Temps:          1       0       0       0       0
      Totals:         4       0       0       0       0
Total ram usage:        4 bytes
 Hardware stack levels used:    1
 Hardware stack levels required when called:    1
 This function calls:
		_Lcd_Port
 This function is called by:
		_Lcd_Print_String
		_esp8266_get_stationIP
 This function uses a non-reentrant model


 *************** function _Lcd_Init *****************
 Defined at:
		line 62 in file "LCD.h"
 Parameters:    Size  Location     Type
		None
 Auto vars:     Size  Location     Type
		None
 Return value:  Size  Location     Type
                  1    wreg      void 
 Registers used:
		wreg, status,2, status,0, pclath, cstack
 Tracked objects:
		On entry : 
		On exit  : 
		Unchanged: 
 Data sizes:     COMMON   BANK0   BANK1   BANK3   BANK2
      Params:         0       0       0       0       0
      Locals:         0       0       0       0       0
      Temps:          2       0       0       0       0
      Totals:         2       0       0       0       0
Total ram usage:        2 bytes
 Hardware stack levels used:    1
 Hardware stack levels required when called:    2
 This function calls:
		_Lcd_Cmd
		_Lcd_Port
 This function is called by:
		_main
 This function uses a non-reentrant model


 *************** function _Lcd_Clear *****************
 Defined at:
		line 35 in file "LCD.h"
 Parameters:    Size  Location     Type
		None
 Auto vars:     Size  Location     Type
		None
 Return value:  Size  Location     Type
                  2   70[None  ] int 
 Registers used:
		wreg, status,2, status,0, pclath, cstack
 Tracked objects:
		On entry : 
		On exit  : 
		Unchanged: 
 Data sizes:     COMMON   BANK0   BANK1   BANK3   BANK2
      Params:         0       0       0       0       0
      Locals:         0       0       0       0       0
      Temps:          0       0       0       0       0
      Totals:         0       0       0       0       0
Total ram usage:        0 bytes
 Hardware stack levels used:    1
 Hardware stack levels required when called:    2
 This function calls:
		_Lcd_Cmd
 This function is called by:
		_main
 This function uses a non-reentrant model


 *************** function _Lcd_Cmd *****************
 Defined at:
		line 26 in file "LCD.h"
 Parameters:    Size  Location     Type
  a               1    wreg     unsigned char 
 Auto vars:     Size  Location     Type
  a               1    3[COMMON] unsigned char 
 Return value:  Size  Location     Type
                  1    wreg      void 
 Registers used:
		wreg, status,2, status,0, pclath, cstack
 Tracked objects:
		On entry : 
		On exit  : 
		Unchanged: 
 Data sizes:     COMMON   BANK0   BANK1   BANK3   BANK2
      Params:         0       0       0       0       0
      Locals:         1       0       0       0       0
      Temps:          2       0       0       0       0
      Totals:         3       0       0       0       0
Total ram usage:        3 bytes
 Hardware stack levels used:    1
 Hardware stack levels required when called:    1
 This function calls:
		_Lcd_Port
 This function is called by:
		_Lcd_Clear
		_Lcd_Set_Cursor
		_Lcd_Init
		_Lcd_Shift_Right
		_Lcd_Shift_Left
 This function uses a non-reentrant model


 *************** function _Lcd_Port *****************
 Defined at:
		line 4 in file "LCD.h"
 Parameters:    Size  Location     Type
  a               1    wreg     unsigned char 
 Auto vars:     Size  Location     Type
  a               1    0[COMMON] unsigned char 
 Return value:  Size  Location     Type
                  1    wreg      void 
 Registers used:
		wreg
 Tracked objects:
		On entry : 
		On exit  : 
		Unchanged: 
 Data sizes:     COMMON   BANK0   BANK1   BANK3   BANK2
      Params:         0       0       0       0       0
      Locals:         1       0       0       0       0
      Temps:          0       0       0       0       0
      Totals:         1       0       0       0       0
Total ram usage:        1 bytes
 Hardware stack levels used:    1
 This function calls:
		Nothing
 This function is called by:
		_Lcd_Cmd
		_Lcd_Init
		_Lcd_Print_Char
 This function uses a non-reentrant model



MODULE INFORMATION

Module		Function		Class		Link	Load	Size
C:\Program Files (x86)\Microchip\xc8\v1.41\sources\common\lwdiv.c
		___lwdiv       		CODE           	0032	0000	61

C:\Program Files (x86)\Microchip\xc8\v1.41\sources\common\lwdiv.c estimated size: 61

LCD.h
		_Lcd_Init      		CODE           	0131	0000	91
		_Lcd_Cmd       		CODE           	0EC5	0000	27
		_Lcd_Set_Cursor		CODE           	00E7	0000	75
		_Lcd_Clear     		CODE           	0E42	0000	12
		_Lcd_Print_String		CODE           	00AA	0000	62
		_Lcd_Port      		CODE           	0EAB	0000	27
		_Lcd_Print_Char		CODE           	0FC7	0000	58

LCD.h estimated size: 352

main887.c
		_main          		CODE           	05CE	0000	539

main887.c estimated size: 539

C:\Program Files (x86)\Microchip\xc8\v1.41\sources\common\aldiv.c
		___aldiv       		CODE           	025F	0000	144

C:\Program Files (x86)\Microchip\xc8\v1.41\sources\common\aldiv.c estimated size: 144

C:\Program Files (x86)\Microchip\xc8\v1.41\sources\common\doprnt.c
		_sprintf       		CODE           	0415	0000	210

C:\Program Files (x86)\Microchip\xc8\v1.41\sources\common\doprnt.c estimated size: 210

ESP_lib.h
		__esp8266_getch		CODE           	0E38	0000	11
		__esp8266_putch		CODE           	0E30	0000	9
		__esp8266_print		CODE           	0F41	0000	36
		_UART_Init     		CODE           	04E6	0000	233
		_ESP8266_send_string		CODE           	0F1E	0000	36
		_esp8266_config_softAP		CODE           	0F64	0000	50
		_revClient     		CODE           	02EE	0000	145
		__esp8266_waitResponse		CODE           	037E	0000	152
		_esp8266_config_server		CODE           	0E4D	0000	14
		_esp8266_mode  		CODE           	0EDF	0000	31
		_esp8266_send  		CODE           	01F4	0000	108
		_esp8266_multi 		CODE           	0E5A	0000	14
		_esp8266_isStarted		CODE           	0E96	0000	22
		__esp8266_waitFor		CODE           	006E	0000	61

ESP_lib.h estimated size: 922

C:\Program Files (x86)\Microchip\xc8\v1.41\sources\common\Umul16.c
		___wmul        		CODE           	0EFD	0000	34

C:\Program Files (x86)\Microchip\xc8\v1.41\sources\common\Umul16.c estimated size: 34

C:\Program Files (x86)\Microchip\xc8\v1.41\sources\common\isdigit.c
		_isdigit       		CODE           	0E67	0000	15

C:\Program Files (x86)\Microchip\xc8\v1.41\sources\common\isdigit.c estimated size: 15

shared
		__esp8266_waitResponse@lengths		STRCODE        	0824	0000	9
		__stringtab    		STRCODE        	0800	0000	19
		_dpowers       		STRCODE        	0812	0000	11
		__initialization		CODE           	07E8	0000	21
		__esp8266_waitResponse@responses		STRCODE        	081C	0000	9

shared estimated size: 69

C:\Program Files (x86)\Microchip\xc8\v1.41\sources\common\atoi.c
		_atoi          		CODE           	018B	0000	106

C:\Program Files (x86)\Microchip\xc8\v1.41\sources\common\atoi.c estimated size: 106

C:\Program Files (x86)\Microchip\xc8\v1.41\sources\common\lwmod.c
		___lwmod       		CODE           	0F95	0000	51

C:\Program Files (x86)\Microchip\xc8\v1.41\sources\common\lwmod.c estimated size: 51

C:\Program Files (x86)\Microchip\xc8\v1.41\sources\common\strlen.c
		_strlen        		CODE           	000B	0000	40

C:\Program Files (x86)\Microchip\xc8\v1.41\sources\common\strlen.c estimated size: 40

