###############################################################################
#
# IAR ELF Linker V8.50.9.278/W32 for ARM                  17/Jan/2021  11:59:39
# Copyright 2007-2020 IAR Systems AB.
#
#    Output file  =
#        F:\Libraries\Documents\IAR\Assignment_3\Debug\Exe\Systick.out
#    Map file     =
#        F:\Libraries\Documents\IAR\_Assignment
#        3\Debug\List\Systick.map
#    Command line =
#        -f C:\Users\H\AppData\Local\Temp\EW1887.tmp
#        ("F:\Libraries\Documents\IAR\Assignment_3\Debug\Obj\HAL.o"
#        "F:\Libraries\Documents\IAR\Assignment_3\Debug\Obj\main.o"
#        "F:\Libraries\Documents\IAR\_Assignment
#        3\Debug\Obj\startup_MKL46Z4.o"
#        "F:\Libraries\Documents\IAR\_Assignment
#        3\Debug\Obj\system_MKL46Z4.o" --no_out_extension -o
#        "F:\Libraries\Documents\IAR\_Assignment
#        3\Debug\Exe\Systick.out" --map
#        "F:\Libraries\Documents\IAR\_Assignment
#        3\Debug\List\Systick.map" --config
#        "F:\Libraries\Documents\IAR\_Assignment
#        3\board\linker\MKL46Z256xxx4_flash.icf" --semihosting --entry
#        __iar_program_start --vfe --text_out locale)
#
###############################################################################

*******************************************************************************
*** RUNTIME MODEL ATTRIBUTES
***

CppFlavor       = *
__SystemLibrary = DLib
__dlib_version  = 6


*******************************************************************************
*** HEAP SELECTION
***

The basic heap was selected because some modules are built with
size limitations (and not runtime checking), and --advanced_heap
was not specified.


*******************************************************************************
*** PLACEMENT SUMMARY
***

"A0":  place at address 0xa000 { ro section .intvec };
"P1":  place in [from 0xa400 to 0xa40f] { section FlashConfig };
"P2":  place in [from 0xa000 to 0xa1ff] |
                [from 0xa410 to 0x3'ffff] { ro };
define block RW { rw };
"P3":  place in [from 0x1fff'e000 to 0x2000'5bff] { block RW };
define block ZI { zi };
"P4":  place in [from 0x1fff'e000 to 0x2000'5bff] { block ZI };
define block CSTACK with size = 1K, alignment = 8 { };
"P6":  place in [from 0x2000'5c00 to 0x2000'5fff] { block CSTACK };

No sections matched the following patterns:

  section m_interrupts_ram  in "P7"


  Section          Kind         Address   Size  Object
  -------          ----         -------   ----  ------
"A0":                                     0xc0
  .intvec          ro code       0xa000   0xc0  startup_MKL46Z4.o [1]
                               - 0xa0c0   0xc0

"P2", part 1 of 2:                       0x104
  .text            ro code       0xa0c0   0x94  HAL.o [1]
  .text            ro code       0xa154   0x70  main.o [1]
                               - 0xa1c4  0x104

"P1":                                     0x10
  FlashConfig      ro code       0xa400   0x10  startup_MKL46Z4.o [1]
                               - 0xa410   0x10

"P2", part 2 of 2:                       0x178
  .text            ro code       0xa410   0x3c  zero_init3.o [3]
  .text            ro code       0xa44c   0x28  data_init.o [3]
  .text            ro code       0xa474   0x24  startup_MKL46Z4.o [1]
  .iar.init_table  const         0xa498   0x10  - Linker created -
  .text            ro code       0xa4a8   0x1e  cmain.o [3]
  .text            ro code       0xa4c6    0x4  low_level_init.o [2]
  .text            ro code       0xa4ca    0x8  exit.o [2]
  .text            ro code       0xa4d2    0x2  startup_MKL46Z4.o [1]
  .text            ro code       0xa4d4    0xa  cexit.o [3]
  .text            ro code       0xa4de    0x2  startup_MKL46Z4.o [1]
  .text            ro code       0xa4e0   0x14  exit.o [4]
  .text            ro code       0xa4f4   0x1c  cstartup_M.o [3]
  .text            ro code       0xa510    0xc  system_MKL46Z4.o [1]
  .text            ro code       0xa51c    0x8  startup_MKL46Z4.o [1]
  .text            ro code       0xa524    0x8  startup_MKL46Z4.o [1]
  .text            ro code       0xa52c    0x8  startup_MKL46Z4.o [1]
  .text            ro code       0xa534    0x8  startup_MKL46Z4.o [1]
  .text            ro code       0xa53c    0x8  startup_MKL46Z4.o [1]
  .text            ro code       0xa544    0x8  startup_MKL46Z4.o [1]
  .text            ro code       0xa54c    0x8  startup_MKL46Z4.o [1]
  .text            ro code       0xa554    0x8  startup_MKL46Z4.o [1]
  .text            ro code       0xa55c    0x8  startup_MKL46Z4.o [1]
  .text            ro code       0xa564    0x8  startup_MKL46Z4.o [1]
  .text            ro code       0xa56c    0x8  startup_MKL46Z4.o [1]
  .text            ro code       0xa574    0x8  startup_MKL46Z4.o [1]
  .text            ro code       0xa57c    0x8  startup_MKL46Z4.o [1]
  .text            ro code       0xa584    0x2  startup_MKL46Z4.o [1]
  .text            ro code       0xa586    0x2  startup_MKL46Z4.o [1]
  .rodata          const         0xa588    0x0  zero_init3.o [3]
                               - 0xa588  0x178

"P3-P4":                                   0x4
  ZI                        0x1fff'e000    0x4  <Block>
    .bss           zero     0x1fff'e000    0x2  main.o [1]
    .bss           zero     0x1fff'e002    0x2  main.o [1]
                          - 0x1fff'e004    0x4

"P6":                                    0x400
  CSTACK                    0x2000'5c00  0x400  <Block>
    CSTACK         uninit   0x2000'5c00  0x400  <Block tail>
                          - 0x2000'6000  0x400

Unused ranges:

         From           To      Size
         ----           --      ----
       0xa1c4       0xa1ff      0x3c
       0xa588     0x3'ffff  0x3'5a78
  0x1fff'e004  0x2000'5bff    0x7bfc


*******************************************************************************
*** INIT TABLE
***

          Address      Size
          -------      ----
Zero (__iar_zero_init3)
    1 destination range, total size 0x4:
          0x1fff'e000   0x4



*******************************************************************************
*** MODULE SUMMARY
***

    Module             ro code  ro data  rw data
    ------             -------  -------  -------
command line/config:
    --------------------------------------------
    Total:

F:\Libraries\Documents\IAR\Assignment_3\Debug\Obj: [1]
    HAL.o                  148
    main.o                 112                 4
    startup_MKL46Z4.o      356
    system_MKL46Z4.o        12
    --------------------------------------------
    Total:                 628                 4

dl6M_tln.a: [2]
    exit.o                   8
    low_level_init.o         4
    --------------------------------------------
    Total:                  12

rt6M_tl.a: [3]
    cexit.o                 10
    cmain.o                 30
    cstartup_M.o            28
    data_init.o             40
    zero_init3.o            60
    --------------------------------------------
    Total:                 168

shb_l.a: [4]
    exit.o                  20
    --------------------------------------------
    Total:                  20

    Linker created                   16    1'024
------------------------------------------------
    Grand Total:           828       16    1'028


*******************************************************************************
*** ENTRY LIST
***

Entry                       Address  Size  Type      Object
-----                       -------  ----  ----      ------
.iar.init_table$$Base        0xa498         --   Gb  - Linker created -
.iar.init_table$$Limit       0xa4a8         --   Gb  - Linker created -
?main                        0xa4a9        Code  Gb  cmain.o [3]
CSTACK$$Base            0x2000'5c00         --   Gb  - Linker created -
CSTACK$$Limit           0x2000'6000         --   Gb  - Linker created -
HAL_vPinInit                 0xa0c1  0x48  Code  Gb  HAL.o [1]
HAL_vSysConfig               0xa109  0x26  Code  Gb  HAL.o [1]
Region$$Table$$Base          0xa498         --   Gb  - Linker created -
Region$$Table$$Limit         0xa4a8         --   Gb  - Linker created -
SysTick_Handler              0xa19d  0x12  Code  Gb  main.o [1]
SystemInit                   0xa511   0x8  Code  Gb  system_MKL46Z4.o [1]
ZI$$Base                0x1fff'e000         --   Gb  - Linker created -
ZI$$Limit               0x1fff'e004         --   Gb  - Linker created -
__RAM_VECTOR_TABLE_SIZE {Abs}
                                0x0        Data  Gb  <internal module>
__VECTOR_RAM {Abs}           0xa000        Data  Gb  <internal module>
__VECTOR_TABLE {Abs}         0xa000        Data  Gb  <internal module>
__Vectors                    0xa000         --   Gb  startup_MKL46Z4.o [1]
__Vectors_End                0xa0c0        Data  Gb  startup_MKL46Z4.o [1]
__Vectors_Size {Abs}           0xc0         --   Gb  startup_MKL46Z4.o [1]
__cmain                      0xa4a9        Code  Gb  cmain.o [3]
__exit                       0xa4e1  0x14  Code  Gb  exit.o [4]
__iar_data_init3             0xa44d  0x28  Code  Gb  data_init.o [3]
__iar_program_start          0xa4f5        Code  Gb  cstartup_M.o [3]
__iar_zero_init3             0xa411  0x3c  Code  Gb  zero_init3.o [3]
__low_level_init             0xa4c7   0x4  Code  Gb  low_level_init.o [2]
__vector_table               0xa000        Data  Gb  startup_MKL46Z4.o [1]
__vector_table_0x1c          0xa01c        Data  Gb  startup_MKL46Z4.o [1]
_call_main                   0xa4b5        Code  Gb  cmain.o [3]
_exit                        0xa4d5        Code  Gb  cexit.o [3]
_main                        0xa4bf        Code  Gb  cmain.o [3]
exit                         0xa4cb   0x8  Code  Gb  exit.o [2]
main                         0xa155  0x48  Code  Gb  main.o [1]
s_u16GreenToggleCount   0x1fff'e002   0x2  Data  Lc  main.o [1]
s_u16RedToggleCount     0x1fff'e000   0x2  Data  Lc  main.o [1]


[1] = F:\Libraries\Documents\IAR\Assignment_3\Debug\Obj
[2] = dl6M_tln.a
[3] = rt6M_tl.a
[4] = shb_l.a

    828 bytes of readonly  code memory
     16 bytes of readonly  data memory
  1'028 bytes of readwrite data memory

Errors: none
Warnings: none
