###############################################################################
#
# IAR ELF Linker V8.50.9.278/W32 for ARM                  25/Dec/2020  10:06:29
# Copyright 2007-2020 IAR Systems AB.
#
#    Output file  =
#        F:\Libraries\Documents\IAR\FreeRTOS\Debug\Exe\FreeRTOS_project.out
#    Map file     =
#        F:\Libraries\Documents\IAR\FreeRTOS\Debug\List\FreeRTOS_project.map
#    Command line =
#        -f C:\Users\H\AppData\Local\Temp\EWF9EA.tmp
#        (F:\Libraries\Documents\IAR\FreeRTOS\Debug\Obj\croutine.o
#        F:\Libraries\Documents\IAR\FreeRTOS\Debug\Obj\event_groups.o
#        F:\Libraries\Documents\IAR\FreeRTOS\Debug\Obj\heap_4.o
#        F:\Libraries\Documents\IAR\FreeRTOS\Debug\Obj\INIT.o
#        F:\Libraries\Documents\IAR\FreeRTOS\Debug\Obj\LED.o
#        F:\Libraries\Documents\IAR\FreeRTOS\Debug\Obj\list.o
#        F:\Libraries\Documents\IAR\FreeRTOS\Debug\Obj\main.o
#        F:\Libraries\Documents\IAR\FreeRTOS\Debug\Obj\port.o
#        F:\Libraries\Documents\IAR\FreeRTOS\Debug\Obj\portasm.o
#        F:\Libraries\Documents\IAR\FreeRTOS\Debug\Obj\queue.o
#        F:\Libraries\Documents\IAR\FreeRTOS\Debug\Obj\startup_MKL46Z4.o
#        F:\Libraries\Documents\IAR\FreeRTOS\Debug\Obj\stream_buffer.o
#        F:\Libraries\Documents\IAR\FreeRTOS\Debug\Obj\system_MKL46Z4.o
#        F:\Libraries\Documents\IAR\FreeRTOS\Debug\Obj\tasks.o
#        F:\Libraries\Documents\IAR\FreeRTOS\Debug\Obj\timers.o
#        --no_out_extension -o
#        F:\Libraries\Documents\IAR\FreeRTOS\Debug\Exe\FreeRTOS_project.out
#        --redirect _Printf=_PrintfFullNoMb --redirect _Scanf=_ScanfFullNoMb
#        --map
#        F:\Libraries\Documents\IAR\FreeRTOS\Debug\List\FreeRTOS_project.map
#        --config
#        F:\Libraries\Documents\IAR\FreeRTOS\board\linker\MKL46Z256xxx4_flash.icf
#        --semihosting --entry __iar_program_start --vfe --text_out locale)
#
###############################################################################

*******************************************************************************
*** RUNTIME MODEL ATTRIBUTES
***

CppFlavor       = *
__SystemLibrary = DLib
__dlib_version  = 6


*******************************************************************************
*** HEAP SELECTION
***

The basic heap was selected because some modules are built with
size limitations (and not runtime checking), and --advanced_heap
was not specified.


*******************************************************************************
*** PLACEMENT SUMMARY
***

"A0":  place at address 0x0 { ro section .intvec };
"P1":  place in [from 0x400 to 0x40f] { section FlashConfig };
"P2":  place in [from 0x0 to 0x1ff] |
                [from 0x410 to 0x3'ffff] { ro };
define block RW { rw };
"P3":  place in [from 0x1fff'e000 to 0x2000'5bff] { block RW };
define block ZI { zi };
"P4":  place in [from 0x1fff'e000 to 0x2000'5bff] { block ZI };
define block CSTACK with size = 1K, alignment = 8 { };
"P6":  place in [from 0x2000'5c00 to 0x2000'5fff] { block CSTACK };
initialize by copy { rw, section .textrw };

No sections matched the following patterns:

  section m_interrupts_ram  in "P7"


  Section            Kind         Address    Size  Object
  -------            ----         -------    ----  ------
"A0":                                        0xc0
  .intvec            ro code          0x0    0xc0  startup_MKL46Z4.o [1]
                                   - 0xc0    0xc0

"P2", part 1 of 2:                           0xec
  .text              ro code         0xc0    0x9a  list.o [1]
  .text              ro code        0x15a     0x2  startup_MKL46Z4.o [1]
  .text              ro code        0x15c    0x4e  ABImemset.o [3]
  .text              ro code        0x1aa     0x2  startup_MKL46Z4.o [1]
                                  - 0x1ac    0xec

"P1":                                        0x10
  FlashConfig        ro code        0x400    0x10  startup_MKL46Z4.o [1]
                                  - 0x410    0x10

"P2", part 2 of 2:                         0x186c
  .text              ro code        0x410   0x744  tasks.o [1]
  .text              ro code        0xb54   0x224  heap_4.o [1]
  .text              ro code        0xd78    0xdc  port.o [1]
  .text              ro code        0xe54   0x3c4  timers.o [1]
  CODE               ro code       0x1218    0x7c  portasm.o [1]
  .text              ro code       0x1294   0x5ca  queue.o [1]
  .text              ro code       0x185e    0xae  I32DivModFast.o [3]
  .text              ro code       0x190c    0x4e  ABImemcpy.o [3]
  .text              ro code       0x195a     0x2  startup_MKL46Z4.o [1]
  .text              ro code       0x195c     0x2  IntDivZer.o [3]
  .text              ro code       0x195e     0x2  startup_MKL46Z4.o [1]
  .text              ro code       0x1960    0xb8  main.o [1]
  .text              ro code       0x1a18    0x80  INIT.o [1]
  .text              ro code       0x1a98    0x3c  zero_init3.o [3]
  .text              ro code       0x1ad4    0x30  copy_init3.o [3]
  .text              ro code       0x1b04    0x28  data_init.o [3]
  .text              ro code       0x1b2c    0x24  startup_MKL46Z4.o [1]
  .iar.init_table    const         0x1b50    0x24  - Linker created -
  .text              ro code       0x1b74    0x1e  cmain.o [3]
  .text              ro code       0x1b92     0x4  low_level_init.o [2]
  .text              ro code       0x1b96     0x8  exit.o [2]
  .text              ro code       0x1b9e     0x2  startup_MKL46Z4.o [1]
  .text              ro code       0x1ba0     0xa  cexit.o [3]
  .text              ro code       0x1bac    0x14  exit.o [4]
  .text              ro code       0x1bc0    0x1c  cstartup_M.o [3]
  .rodata            const         0x1bdc     0xc  main.o [1]
  .text              ro code       0x1be8     0xc  system_MKL46Z4.o [1]
  .rodata            const         0x1bf4     0x8  tasks.o [1]
  .rodata            const         0x1bfc     0x8  timers.o [1]
  .rodata            const         0x1c04     0x8  timers.o [1]
  .text              ro code       0x1c0c     0x8  startup_MKL46Z4.o [1]
  .text              ro code       0x1c14     0x8  startup_MKL46Z4.o [1]
  .text              ro code       0x1c1c     0x8  startup_MKL46Z4.o [1]
  .text              ro code       0x1c24     0x8  startup_MKL46Z4.o [1]
  .text              ro code       0x1c2c     0x8  startup_MKL46Z4.o [1]
  .text              ro code       0x1c34     0x8  startup_MKL46Z4.o [1]
  .text              ro code       0x1c3c     0x8  startup_MKL46Z4.o [1]
  .text              ro code       0x1c44     0x8  startup_MKL46Z4.o [1]
  .text              ro code       0x1c4c     0x8  startup_MKL46Z4.o [1]
  .text              ro code       0x1c54     0x8  startup_MKL46Z4.o [1]
  .text              ro code       0x1c5c     0x8  startup_MKL46Z4.o [1]
  .text              ro code       0x1c64     0x8  startup_MKL46Z4.o [1]
  .text              ro code       0x1c6c     0x8  startup_MKL46Z4.o [1]
  .rodata            const         0x1c74     0x4  heap_4.o [1]
  Initializer bytes  const         0x1c78     0x4  <for RW-1>
  .rodata            const         0x1c7c     0x0  zero_init3.o [3]
  .rodata            const         0x1c7c     0x0  copy_init3.o [3]
                                 - 0x1c7c  0x186c

"P3-P4", part 1 of 2:                         0x4
  RW                          0x1fff'e000     0x4  <Block>
    RW-1                      0x1fff'e000     0x4  <Init block>
      .data          inited   0x1fff'e000     0x4  port.o [1]
                            - 0x1fff'e004     0x4

"P3-P4", part 2 of 2:                      0x29b0
  ZI                          0x1fff'e004  0x29b0  <Block>
    .bss             zero     0x1fff'e004     0x8  heap_4.o [1]
    .bss             zero     0x1fff'e00c     0x4  heap_4.o [1]
    .bss             zero     0x1fff'e010     0x4  heap_4.o [1]
    .bss             zero     0x1fff'e014     0x4  heap_4.o [1]
    .bss             zero     0x1fff'e018     0x4  heap_4.o [1]
    .bss             zero     0x1fff'e01c     0x4  heap_4.o [1]
    .bss             zero     0x1fff'e020     0x4  heap_4.o [1]
    .bss             zero     0x1fff'e024  0x2800  heap_4.o [1]
    .bss             zero     0x2000'0824    0x50  queue.o [1]
    .bss             zero     0x2000'0874     0x4  tasks.o [1]
    .bss             zero     0x2000'0878    0x64  tasks.o [1]
    .bss             zero     0x2000'08dc    0x14  tasks.o [1]
    .bss             zero     0x2000'08f0    0x14  tasks.o [1]
    .bss             zero     0x2000'0904     0x4  tasks.o [1]
    .bss             zero     0x2000'0908     0x4  tasks.o [1]
    .bss             zero     0x2000'090c    0x14  tasks.o [1]
    .bss             zero     0x2000'0920    0x14  tasks.o [1]
    .bss             zero     0x2000'0934     0x4  tasks.o [1]
    .bss             zero     0x2000'0938    0x14  tasks.o [1]
    .bss             zero     0x2000'094c     0x4  tasks.o [1]
    .bss             zero     0x2000'0950     0x4  tasks.o [1]
    .bss             zero     0x2000'0954     0x4  tasks.o [1]
    .bss             zero     0x2000'0958     0x4  tasks.o [1]
    .bss             zero     0x2000'095c     0x4  tasks.o [1]
    .bss             zero     0x2000'0960     0x4  tasks.o [1]
    .bss             zero     0x2000'0964     0x4  tasks.o [1]
    .bss             zero     0x2000'0968     0x4  tasks.o [1]
    .bss             zero     0x2000'096c     0x4  tasks.o [1]
    .bss             zero     0x2000'0970     0x4  tasks.o [1]
    .bss             zero     0x2000'0974     0x4  tasks.o [1]
    .bss             zero     0x2000'0978    0x14  timers.o [1]
    .bss             zero     0x2000'098c    0x14  timers.o [1]
    .bss             zero     0x2000'09a0     0x4  timers.o [1]
    .bss             zero     0x2000'09a4     0x4  timers.o [1]
    .bss             zero     0x2000'09a8     0x4  timers.o [1]
    .bss             zero     0x2000'09ac     0x4  timers.o [1]
    .bss             zero     0x2000'09b0     0x4  timers.o [1]
                            - 0x2000'09b4  0x29b0

"P6":                                       0x400
  CSTACK                      0x2000'5c00   0x400  <Block>
    CSTACK           uninit   0x2000'5c00   0x400  <Block tail>
                            - 0x2000'6000   0x400

Unused ranges:

         From           To      Size
         ----           --      ----
        0x1ac        0x1ff      0x54
       0x1c7c     0x3'ffff  0x3'e384
  0x2000'09b4  0x2000'5bff    0x524c


*******************************************************************************
*** INIT TABLE
***

          Address      Size
          -------      ----
Zero (__iar_zero_init3)
    1 destination range, total size 0x29b0:
          0x1fff'e004  0x29b0

Copy (__iar_copy_init3)
    1 source range, total size 0x4:
               0x1c78     0x4
    1 destination range, total size 0x4:
          0x1fff'e000     0x4



*******************************************************************************
*** MODULE SUMMARY
***

    Module             ro code  ro data  rw data
    ------             -------  -------  -------
command line/config:
    --------------------------------------------
    Total:

F:\Libraries\Documents\IAR\FreeRTOS\Debug\Obj: [1]
    INIT.o                 128
    heap_4.o               548        4   10'272
    list.o                 154
    main.o                 184       12
    port.o                 220        4        4
    portasm.o              124
    queue.o              1'482                80
    startup_MKL46Z4.o      358
    system_MKL46Z4.o        12
    tasks.o              1'860        8      260
    timers.o               964       16       60
    --------------------------------------------
    Total:               6'034       44   10'676

dl6M_tln.a: [2]
    exit.o                   8
    low_level_init.o         4
    --------------------------------------------
    Total:                  12

rt6M_tl.a: [3]
    ABImemcpy.o             78
    ABImemset.o             78
    I32DivModFast.o        174
    IntDivZer.o              2
    cexit.o                 10
    cmain.o                 30
    copy_init3.o            48
    cstartup_M.o            28
    data_init.o             40
    zero_init3.o            60
    --------------------------------------------
    Total:                 548

shb_l.a: [4]
    exit.o                  20
    --------------------------------------------
    Total:                  20

    Gaps                     2
    Linker created                   36    1'024
------------------------------------------------
    Grand Total:         6'616       80   11'700


*******************************************************************************
*** ENTRY LIST
***

Entry                       Address    Size  Type      Object
-----                       -------    ----  ----      ------
.iar.init_table$$Base        0x1b50           --   Gb  - Linker created -
.iar.init_table$$Limit       0x1b74           --   Gb  - Linker created -
?main                        0x1b75          Code  Gb  cmain.o [3]
CSTACK$$Base            0x2000'5c00           --   Gb  - Linker created -
CSTACK$$Limit           0x2000'6000           --   Gb  - Linker created -
INIT_vDelay                  0x1a89    0x10  Code  Gb  INIT.o [1]
INIT_vInitLed                0x1a19    0x52  Code  Gb  INIT.o [1]
RW$$Base                0x1fff'e000           --   Gb  - Linker created -
RW$$Limit               0x1fff'e004           --   Gb  - Linker created -
Region$$Table$$Base          0x1b50           --   Gb  - Linker created -
Region$$Table$$Limit         0x1b74           --   Gb  - Linker created -
SystemInit                   0x1be9     0x8  Code  Gb  system_MKL46Z4.o [1]
ZI$$Base                0x1fff'e004           --   Gb  - Linker created -
ZI$$Limit               0x2000'09b4           --   Gb  - Linker created -
__RAM_VECTOR_TABLE_SIZE {Abs}
                                0x0          Data  Gb  <internal module>
__VECTOR_RAM {Abs}              0x0          Data  Gb  <internal module>
__VECTOR_TABLE {Abs}            0x0          Data  Gb  <internal module>
__Vectors                       0x0           --   Gb  startup_MKL46Z4.o [1]
__Vectors_End                  0xc0          Data  Gb  startup_MKL46Z4.o [1]
__Vectors_Size {Abs}           0xc0           --   Gb  startup_MKL46Z4.o [1]
__aeabi_idiv0                0x195d          Code  Gb  IntDivZer.o [3]
__aeabi_memcpy               0x1941          Code  Gb  ABImemcpy.o [3]
__aeabi_memcpy4              0x190d          Code  Gb  ABImemcpy.o [3]
__aeabi_memcpy8              0x190d          Code  Gb  ABImemcpy.o [3]
__aeabi_memset                0x15d          Code  Gb  ABImemset.o [3]
__aeabi_uidiv                0x185f          Code  Gb  I32DivModFast.o [3]
__aeabi_uidivmod             0x185f          Code  Gb  I32DivModFast.o [3]
__cmain                      0x1b75          Code  Gb  cmain.o [3]
__exit                       0x1bad    0x14  Code  Gb  exit.o [4]
__iar_Memcpy                 0x194d          Code  Gb  ABImemcpy.o [3]
__iar_Memset4_word            0x17d          Code  Gb  ABImemset.o [3]
__iar_Memset_word             0x169          Code  Gb  ABImemset.o [3]
__iar_copy_init3             0x1ad5    0x30  Code  Gb  copy_init3.o [3]
__iar_data_init3             0x1b05    0x28  Code  Gb  data_init.o [3]
__iar_program_start          0x1bc1          Code  Gb  cstartup_M.o [3]
__iar_zero_init3             0x1a99    0x3c  Code  Gb  zero_init3.o [3]
__low_level_init             0x1b93     0x4  Code  Gb  low_level_init.o [2]
__vector_table                  0x0          Data  Gb  startup_MKL46Z4.o [1]
__vector_table_0x1c            0x1c          Data  Gb  startup_MKL46Z4.o [1]
_call_main                   0x1b81          Code  Gb  cmain.o [3]
_exit                        0x1ba1          Code  Gb  cexit.o [3]
_main                        0x1b8b          Code  Gb  cmain.o [3]
exit                         0x1b97     0x8  Code  Gb  exit.o [2]
main                         0x19a7    0x52  Code  Gb  main.o [1]
prvAddCurrentTaskToDelayedList
                              0xae1    0x5c  Code  Lc  tasks.o [1]
prvAddNewTaskToReadyList
                              0x531    0x7c  Code  Lc  tasks.o [1]
prvCheckForValidListAndQueue
                             0x11b5    0x46  Code  Lc  timers.o [1]
prvCheckTasksWaitingTermination
                              0xa11    0x36  Code  Lc  tasks.o [1]
prvCopyDataFromQueue         0x1711    0x2a  Code  Lc  queue.o [1]
prvCopyDataToQueue           0x16a1    0x70  Code  Lc  queue.o [1]
prvDeleteTCB                  0xa47    0x12  Code  Lc  tasks.o [1]
prvGetNextExpireTime          0xfb3    0x26  Code  Lc  timers.o [1]
prvHeapInit                   0xc9d    0x5a  Code  Lc  heap_4.o [1]
prvIdleTask                   0x9b5    0x14  Code  Lc  tasks.o [1]
prvInitialiseNewQueue        0x1363    0x1c  Code  Lc  queue.o [1]
prvInitialiseNewTask          0x479    0xb8  Code  Lc  tasks.o [1]
prvInitialiseTaskLists        0x9cd    0x44  Code  Lc  tasks.o [1]
prvInsertBlockIntoFreeList
                              0xcf7    0x5c  Code  Lc  heap_4.o [1]
prvInsertTimerInActiveList
                             0x1011    0x3e  Code  Lc  timers.o [1]
prvIsQueueEmpty              0x17a9    0x1c  Code  Lc  queue.o [1]
prvIsQueueFull               0x17c7    0x1e  Code  Lc  queue.o [1]
prvProcessExpiredTimer        0xee1    0x5c  Code  Lc  timers.o [1]
prvProcessReceivedCommands
                             0x1051    0xf8  Code  Lc  timers.o [1]
prvProcessTimerOrBlockTask
                              0xf51    0x62  Code  Lc  timers.o [1]
prvResetNextTaskUnblockTime
                              0xa59    0x22  Code  Lc  tasks.o [1]
prvSampleTimeNow              0xfd9    0x26  Code  Lc  timers.o [1]
prvSampleTimeNow::xLastTime
                        0x2000'09b0     0x4  Data  Lc  timers.o [1]
prvSwitchTimerLists          0x1149    0x68  Code  Lc  timers.o [1]
prvTaskExitError              0xd95    0x16  Code  Lc  port.o [1]
prvTimerTask                  0xf3d    0x14  Code  Lc  timers.o [1]
prvUnlockQueue               0x173b    0x6e  Code  Lc  queue.o [1]
pvPortMalloc                  0xb55    0xe2  Code  Gb  heap_4.o [1]
pxCurrentTCB            0x2000'0874     0x4  Data  Gb  tasks.o [1]
pxCurrentTimerList      0x2000'09a0     0x4  Data  Lc  timers.o [1]
pxDelayedTaskList       0x2000'0904     0x4  Data  Lc  tasks.o [1]
pxEnd                   0x1fff'e00c     0x4  Data  Lc  heap_4.o [1]
pxOverflowDelayedTaskList
                        0x2000'0908     0x4  Data  Lc  tasks.o [1]
pxOverflowTimerList     0x2000'09a4     0x4  Data  Lc  timers.o [1]
pxPortInitialiseStack         0xd79    0x1a  Code  Gb  port.o [1]
pxReadyTasksLists       0x2000'0878    0x64  Data  Lc  tasks.o [1]
ucHeap                  0x1fff'e024  0x2800  Data  Lc  heap_4.o [1]
ulSetInterruptMaskFromISR
                             0x1281          Code  Gb  portasm.o [1]
uxCriticalNesting       0x1fff'e000     0x4  Data  Lc  port.o [1]
uxCurrentNumberOfTasks  0x2000'094c     0x4  Data  Lc  tasks.o [1]
uxDeletedTasksWaitingCleanUp
                        0x2000'0934     0x4  Data  Lc  tasks.o [1]
uxListRemove                  0x133    0x28  Code  Gb  list.o [1]
uxSchedulerSuspended    0x2000'0974     0x4  Data  Lc  tasks.o [1]
uxTaskNumber            0x2000'0968     0x4  Data  Lc  tasks.o [1]
uxTopReadyPriority      0x2000'0954     0x4  Data  Lc  tasks.o [1]
vClearInterruptMaskFromISR
                             0x1289          Code  Gb  portasm.o [1]
vListInitialise                0xc1    0x1e  Code  Gb  list.o [1]
vListInitialiseItem            0xdf     0x6  Code  Gb  list.o [1]
vListInsert                    0xfd    0x36  Code  Gb  list.o [1]
vListInsertEnd                 0xe5    0x18  Code  Gb  list.o [1]
vPortEnterCritical            0xde9    0x14  Code  Gb  port.o [1]
vPortExitCritical             0xdfd    0x1e  Code  Gb  port.o [1]
vPortFree                     0xc39    0x64  Code  Gb  heap_4.o [1]
vPortSVCHandler              0x125d          Code  Gb  portasm.o [1]
vPortStartFirstTask          0x125f          Code  Gb  portasm.o [1]
vPortYield                    0xdd5    0x12  Code  Gb  port.o [1]
vQueueAddToRegistry          0x17e7    0x28  Code  Gb  queue.o [1]
vQueueWaitForMessageRestricted
                             0x1815    0x4a  Code  Gb  queue.o [1]
vSetMSP                      0x1219          Code  Gb  portasm.o [1]
vTaskBlinGreenkLed           0x1961    0x22  Code  Gb  main.o [1]
vTaskBlinRedkLed             0x1983    0x24  Code  Gb  main.o [1]
vTaskDelay                    0x5ad    0x30  Code  Gb  tasks.o [1]
vTaskInternalSetTimeOutState
                              0x92d     0xe  Code  Gb  tasks.o [1]
vTaskMissedYield              0x9ad     0x8  Code  Gb  tasks.o [1]
vTaskPlaceOnEventList         0x851    0x20  Code  Gb  tasks.o [1]
vTaskPlaceOnEventListRestricted
                              0x875    0x2a  Code  Gb  tasks.o [1]
vTaskStartScheduler           0x5f9    0x4a  Code  Gb  tasks.o [1]
vTaskSuspendAll               0x645     0xa  Code  Gb  tasks.o [1]
vTaskSwitchContext            0x7f5    0x5c  Code  Gb  tasks.o [1]
xActiveTimerList1       0x2000'0978    0x14  Data  Lc  timers.o [1]
xActiveTimerList2       0x2000'098c    0x14  Data  Lc  timers.o [1]
xBlockAllocatedBit      0x1fff'e020     0x4  Data  Lc  heap_4.o [1]
xDelayedTaskList1       0x2000'08dc    0x14  Data  Lc  tasks.o [1]
xDelayedTaskList2       0x2000'08f0    0x14  Data  Lc  tasks.o [1]
xFreeBytesRemaining     0x1fff'e010     0x4  Data  Lc  heap_4.o [1]
xHeapStructSize              0x1c74     0x4  Data  Lc  heap_4.o [1]
xIdleTaskHandle         0x2000'0970     0x4  Data  Lc  tasks.o [1]
xMinimumEverFreeBytesRemaining
                        0x1fff'e014     0x4  Data  Lc  heap_4.o [1]
xNextTaskUnblockTime    0x2000'096c     0x4  Data  Lc  tasks.o [1]
xNumOfOverflows         0x2000'0964     0x4  Data  Lc  tasks.o [1]
xNumberOfSuccessfulAllocations
                        0x1fff'e018     0x4  Data  Lc  heap_4.o [1]
xNumberOfSuccessfulFrees
                        0x1fff'e01c     0x4  Data  Lc  heap_4.o [1]
xPendedTicks            0x2000'095c     0x4  Data  Lc  tasks.o [1]
xPendingReadyList       0x2000'090c    0x14  Data  Lc  tasks.o [1]
xPortPendSVHandler           0x121f          Code  Gb  portasm.o [1]
xPortStartScheduler           0xdab    0x2a  Code  Gb  port.o [1]
xQueueGenericCreate          0x1309    0x5a  Code  Gb  queue.o [1]
xQueueGenericReset           0x1295    0x74  Code  Gb  queue.o [1]
xQueueGenericSend            0x1381   0x144  Code  Gb  queue.o [1]
xQueueGenericSendFromISR
                             0x14c5    0xb8  Code  Gb  queue.o [1]
xQueueReceive                0x157d   0x124  Code  Gb  queue.o [1]
xQueueRegistry          0x2000'0824    0x50  Data  Gb  queue.o [1]
xSchedulerRunning       0x2000'0958     0x4  Data  Lc  tasks.o [1]
xStart                  0x1fff'e004     0x8  Data  Lc  heap_4.o [1]
xSuspendedTaskList      0x2000'0938    0x14  Data  Lc  tasks.o [1]
xTaskCheckForTimeOut          0x941    0x6c  Code  Gb  tasks.o [1]
xTaskCreate                   0x411    0x66  Code  Gb  tasks.o [1]
xTaskGetSchedulerState        0xa85    0x1e  Code  Gb  tasks.o [1]
xTaskGetTickCount             0x705     0x6  Code  Gb  tasks.o [1]
xTaskIncrementTick            0x71d    0xbe  Code  Gb  tasks.o [1]
xTaskRemoveFromEventList
                              0x8a5    0x68  Code  Gb  tasks.o [1]
xTaskResumeAll                0x651    0xb4  Code  Gb  tasks.o [1]
xTasksWaitingTermination
                        0x2000'0920    0x14  Data  Lc  tasks.o [1]
xTickCount              0x2000'0950     0x4  Data  Lc  tasks.o [1]
xTimerCreateTimerTask         0xe55    0x32  Code  Gb  timers.o [1]
xTimerGenericCommand          0xe89    0x56  Code  Gb  timers.o [1]
xTimerQueue             0x2000'09a8     0x4  Data  Lc  timers.o [1]
xTimerTaskHandle        0x2000'09ac     0x4  Data  Lc  timers.o [1]
xYieldPending           0x2000'0960     0x4  Data  Lc  tasks.o [1]


[1] = F:\Libraries\Documents\IAR\FreeRTOS\Debug\Obj
[2] = dl6M_tln.a
[3] = rt6M_tl.a
[4] = shb_l.a

   6'616 bytes of readonly  code memory
      80 bytes of readonly  data memory
  11'700 bytes of readwrite data memory

Errors: none
Warnings: none
