###############################################################################
#
# IAR ELF Linker V8.50.9.278/W32 for ARM                  18/Dec/2020  13:42:44
# Copyright 2007-2020 IAR Systems AB.
#
#    Output file  =
#        F:\Libraries\Documents\IAR\Assignment
#        1\project\Debug\Exe\LedBlinking.out
#    Map file     =
#        F:\Libraries\Documents\IAR\Assignment
#        1\project\Debug\List\LedBlinking.map
#    Command line =
#        -f C:\Users\H\AppData\Local\Temp\EW5872.tmp
#        ("F:\Libraries\Documents\IAR\Assignment
#        1\project\Debug\Obj\INIT.o"
#        "F:\Libraries\Documents\IAR\Assignment
#        1\project\Debug\Obj\LED.o"
#        "F:\Libraries\Documents\IAR\Assignment
#        1\project\Debug\Obj\main.o"
#        "F:\Libraries\Documents\IAR\Assignment
#        1\project\Debug\Obj\startup_MKL46Z4.o"
#        "F:\Libraries\Documents\IAR\Assignment
#        1\project\Debug\Obj\system_MKL46Z4.o" --no_out_extension -o
#        "F:\Libraries\Documents\IAR\Assignment
#        1\project\Debug\Exe\LedBlinking.out" --map
#        "F:\Libraries\Documents\IAR\Assignment
#        1\project\Debug\List\LedBlinking.map" --config "C:\Program Files
#        (x86)\IAR Systems\Embedded Workbench
#        8.4\arm\config\linker\NXP\MKL46Z256xxx4.icf" --semihosting --entry
#        __iar_program_start --vfe --text_out locale)
#
###############################################################################

*******************************************************************************
*** RUNTIME MODEL ATTRIBUTES
***

CppFlavor       = *
__SystemLibrary = DLib
__dlib_version  = 6


*******************************************************************************
*** HEAP SELECTION
***

The basic heap was selected because some modules are built with
size limitations (and not runtime checking), and --advanced_heap
was not specified.


*******************************************************************************
*** PLACEMENT SUMMARY
***

"A0":  place at address 0x0 { ro section .intvec };
"P1":  place in [from 0x0 to 0x3ff] |
                [from 0x410 to 0x3'ffff] { ro };
define block CSTACK with size = 2K, alignment = 8 { };
define block HEAP with size = 4K, alignment = 8 { };
"P3":  place in [from 0x1fff'e000 to 0x1fff'ffff] |
                [from 0x2000'0000 to 0x2000'5fff] {
          rw, block CSTACK, block HEAP };
"P5":  place in [from 0x400 to 0x40f] { section FlashConfig };

No sections matched the following patterns:

  ro section application_specific_ro  in "P2|P4"
  rw                                  in "P3"
  rw section application_specific_rw  in "P2|P4"


  Section      Kind         Address   Size  Object
  -------      ----         -------   ----  ------
"A0":                                 0xc0
  .intvec      ro code          0x0   0xc0  startup_MKL46Z4.o [1]
                             - 0xc0   0xc0

"P1", part 1 of 2:                   0x1c0
  .text        ro code         0xc0  0x138  LED.o [1]
  .text        ro code        0x1f8   0x80  INIT.o [1]
  .text        ro code        0x278    0x2  startup_MKL46Z4.o [1]
  .text        ro code        0x27c    0x2  IntDivZer.o [3]
  .text        ro code        0x27e    0x2  startup_MKL46Z4.o [1]
                            - 0x280  0x1c0

"P5":                                 0x10
  FlashConfig  ro code        0x400   0x10  startup_MKL46Z4.o [1]
                            - 0x410   0x10

"P1", part 2 of 2:                   0x20a
  .text        ro code        0x410   0xae  I32DivModFast.o [3]
  .text        ro code        0x4c0   0x58  main.o [1]
  .text        ro code        0x518   0x24  startup_MKL46Z4.o [1]
  .text        ro code        0x53c   0x1e  cmain.o [3]
  .text        ro code        0x55a    0x4  low_level_init.o [2]
  .text        ro code        0x55e    0x8  exit.o [2]
  .text        ro code        0x566    0x2  startup_MKL46Z4.o [1]
  .text        ro code        0x568    0xa  cexit.o [3]
  .text        ro code        0x572    0x2  startup_MKL46Z4.o [1]
  .text        ro code        0x574   0x14  exit.o [4]
  .text        ro code        0x588   0x1c  cstartup_M.o [3]
  .text        ro code        0x5a4    0xc  system_MKL46Z4.o [1]
  .text        ro code        0x5b0    0x8  startup_MKL46Z4.o [1]
  .text        ro code        0x5b8    0x8  startup_MKL46Z4.o [1]
  .text        ro code        0x5c0    0x8  startup_MKL46Z4.o [1]
  .text        ro code        0x5c8    0x8  startup_MKL46Z4.o [1]
  .text        ro code        0x5d0    0x8  startup_MKL46Z4.o [1]
  .text        ro code        0x5d8    0x8  startup_MKL46Z4.o [1]
  .text        ro code        0x5e0    0x8  startup_MKL46Z4.o [1]
  .text        ro code        0x5e8    0x8  startup_MKL46Z4.o [1]
  .text        ro code        0x5f0    0x8  startup_MKL46Z4.o [1]
  .text        ro code        0x5f8    0x8  startup_MKL46Z4.o [1]
  .text        ro code        0x600    0x8  startup_MKL46Z4.o [1]
  .text        ro code        0x608    0x8  startup_MKL46Z4.o [1]
  .text        ro code        0x610    0x8  startup_MKL46Z4.o [1]
  .text        ro code        0x618    0x2  startup_MKL46Z4.o [1]
                            - 0x61a  0x20a

"P3":                                0x800
  CSTACK                0x1fff'e000  0x800  <Block>
    CSTACK     uninit   0x1fff'e000  0x800  <Block tail>
                      - 0x1fff'e800  0x800

Unused ranges:

         From           To      Size
         ----           --      ----
        0x280        0x3ff     0x180
        0x61a     0x3'ffff  0x3'f9e6
  0x1fff'e800  0x1fff'ffff    0x1800
  0x2000'0000  0x2000'5fff    0x6000



*******************************************************************************
*** MODULE SUMMARY
***

    Module             ro code  rw data
    ------             -------  -------
command line/config:
    -----------------------------------
    Total:

F:\Libraries\Documents\IAR\Assignment_1\project\Debug\Obj: [1]
    INIT.o                 128
    LED.o                  312
    main.o                  88
    startup_MKL46Z4.o      358
    system_MKL46Z4.o        12
    -----------------------------------
    Total:                 898

dl6M_tln.a: [2]
    exit.o                   8
    low_level_init.o         4
    -----------------------------------
    Total:                  12

rt6M_tl.a: [3]
    I32DivModFast.o        174
    IntDivZer.o              2
    cexit.o                 10
    cmain.o                 30
    cstartup_M.o            28
    -----------------------------------
    Total:                 244

shb_l.a: [4]
    exit.o                  20
    -----------------------------------
    Total:                  20

    Gaps                     4
    Linker created                2'048
---------------------------------------
    Grand Total:         1'178    2'048


*******************************************************************************
*** ENTRY LIST
***

Entry                     Address  Size  Type      Object
-----                     -------  ----  ----      ------
?main                       0x53d        Code  Gb  cmain.o [3]
CSTACK$$Base          0x1fff'e000         --   Gb  - Linker created -
CSTACK$$Limit         0x1fff'e800         --   Gb  - Linker created -
INIT_vDelay                 0x269  0x10  Code  Gb  INIT.o [1]
INIT_vInitLed               0x1f9  0x52  Code  Gb  INIT.o [1]
LED_vBlinkAlternate          0xc1  0x38  Code  Gb  LED.o [1]
LED_vDimLED                  0xf9  0xe8  Code  Gb  LED.o [1]
Region$$Table$$Base           0x0         --   Gb  - Linker created -
Region$$Table$$Limit          0x0         --   Gb  - Linker created -
SystemInit                  0x5a5   0x8  Code  Gb  system_MKL46Z4.o [1]
__Vectors                     0x0         --   Gb  startup_MKL46Z4.o [1]
__Vectors_End                0xc0        Data  Gb  startup_MKL46Z4.o [1]
__Vectors_Size {Abs}         0xc0         --   Gb  startup_MKL46Z4.o [1]
__aeabi_idiv0               0x27d        Code  Gb  IntDivZer.o [3]
__aeabi_uidiv               0x411        Code  Gb  I32DivModFast.o [3]
__aeabi_uidivmod            0x411        Code  Gb  I32DivModFast.o [3]
__cmain                     0x53d        Code  Gb  cmain.o [3]
__exit                      0x575  0x14  Code  Gb  exit.o [4]
__iar_program_start         0x589        Code  Gb  cstartup_M.o [3]
__low_level_init            0x55b   0x4  Code  Gb  low_level_init.o [2]
__vector_table                0x0        Data  Gb  startup_MKL46Z4.o [1]
__vector_table_0x1c          0x1c        Data  Gb  startup_MKL46Z4.o [1]
_call_main                  0x549        Code  Gb  cmain.o [3]
_exit                       0x569        Code  Gb  cexit.o [3]
_main                       0x553        Code  Gb  cmain.o [3]
exit                        0x55f   0x8  Code  Gb  exit.o [2]
main                        0x4c1  0x58  Code  Gb  main.o [1]


[1] = F:\Libraries\Documents\IAR\Assignment_1\project\Debug\Obj
[2] = dl6M_tln.a
[3] = rt6M_tl.a
[4] = shb_l.a

  1'178 bytes of readonly  code memory
  2'048 bytes of readwrite data memory

Errors: none
Warnings: none
